
> frontend@0.0.0 test
> jest --watchAll=false

node.exe : PASS src/components/__tests__/Scenarios.test.tsx
At line:1 char:1
+ & "C:\Program Files\nodejs/node.exe" "C:\Program Files\nodejs/node_mo ...
+ ~~~~~~~~~~~~~~~~~~~~~~~~~~~~~~~~~~~~~~~~~~~~~~~~~~~~~~~~~~~~~~~~~~~~~
    + CategoryInfo          : NotSpecified: (PASS src/compon...narios.test.tsx:String) [], RemoteException
    + FullyQualifiedErrorId : NativeCommandError
 
PASS src/components/__tests__/Checklist.test.tsx
  ΓùÅ Console

    console.error
      Failed to load checklist Error: API Fail
          at Object.<anonymous> (F:\elu\frontend\src\components\__tests__\Checklist.test.tsx:41:55)
          at Promise.then.completed (F:\elu\frontend\node_modules\jest-circus\build\utils.js:298:28)
          at new Promise (<anonymous>)
          at callAsyncCircusFn (F:\elu\frontend\node_modules\jest-circus\build\utils.js:231:10)
          at _callCircusTest (F:\elu\frontend\node_modules\jest-circus\build\run.js:316:40)
          at _runTest (F:\elu\frontend\node_modules\jest-circus\build\run.js:252:3)
          at _runTestsForDescribeBlock (F:\elu\frontend\node_modules\jest-circus\build\run.js:126:9)
          at _runTestsForDescribeBlock (F:\elu\frontend\node_modules\jest-circus\build\run.js:121:9)
          at run (F:\elu\frontend\node_modules\jest-circus\build\run.js:71:3)
          at runAndTransformResultsToJestFormat 
(F:\elu\frontend\node_modules\jest-circus\build\legacy-code-todo-rewrite\jestAdapterInit.js:122:21)
          at jestAdapter (F:\elu\frontend\node_modules\jest-circus\build\legacy-code-todo-rewrite\jestAdapter.js:79:19)
          at runTestInternal (F:\elu\frontend\node_modules\jest-runner\build\runTest.js:367:16)
          at runTest (F:\elu\frontend\node_modules\jest-runner\build\runTest.js:444:34)
          at Object.worker (F:\elu\frontend\node_modules\jest-runner\build\testWorker.js:106:12)

    [0m [90m 22 |[39m         }
     [90m 23 |[39m       } [36mcatch[39m (err) {
    [31m[1m>[22m[39m[90m 24 |[39m         console[33m.[39merror([32m'Failed to load 
checklist'[39m[33m,[39m err)[33m;[39m
     [90m    |[39m                 [31m[1m^[22m[39m
     [90m 25 |[39m         [90m// Fallback items if API fails[39m
     [90m 26 |[39m         setItems([
     [90m 27 |[39m           { id[33m:[39m [32m'1'[39m[33m,[39m title[33m:[39m [32m'Register to 
vote'[39m[33m,[39m completed[33m:[39m [36mfalse[39m }[33m,[39m[0m

      at loadChecklist (src/components/Checklist.tsx:24:17)

FAIL src/components/__tests__/ElectionLifecycle.test.tsx
  ΓùÅ Console

    console.error
      Error: Uncaught [TypeError: Cannot read properties of undefined (reading 'createElement')]
          at reportException 
(F:\elu\frontend\node_modules\jsdom\lib\jsdom\living\helpers\runtime-script-errors.js:66:24)
          at innerInvokeEventListeners 
(F:\elu\frontend\node_modules\jsdom\lib\jsdom\living\events\EventTarget-impl.js:353:9)
          at invokeEventListeners 
(F:\elu\frontend\node_modules\jsdom\lib\jsdom\living\events\EventTarget-impl.js:286:3)
          at HTMLUnknownElementImpl._dispatch 
(F:\elu\frontend\node_modules\jsdom\lib\jsdom\living\events\EventTarget-impl.js:233:9)
          at HTMLUnknownElementImpl.dispatchEvent 
(F:\elu\frontend\node_modules\jsdom\lib\jsdom\living\events\EventTarget-impl.js:104:17)
          at HTMLUnknownElement.dispatchEvent 
(F:\elu\frontend\node_modules\jsdom\lib\jsdom\living\generated\EventTarget.js:241:34)
          at Object.invokeGuardedCallbackDev 
(F:\elu\frontend\node_modules\react-dom\cjs\react-dom.development.js:4213:16)
          at invokeGuardedCallback (F:\elu\frontend\node_modules\react-dom\cjs\react-dom.development.js:4277:31)
          at beginWork$1 (F:\elu\frontend\node_modules\react-dom\cjs\react-dom.development.js:27490:7)
          at performUnitOfWork (F:\elu\frontend\node_modules\react-dom\cjs\react-dom.development.js:26599:12)
          at workLoopSync (F:\elu\frontend\node_modules\react-dom\cjs\react-dom.development.js:26505:5)
          at renderRootSync (F:\elu\frontend\node_modules\react-dom\cjs\react-dom.development.js:26473:7)
          at performConcurrentWorkOnRoot (F:\elu\frontend\node_modules\react-dom\cjs\react-dom.development.js:25777:74)
          at flushActQueue (F:\elu\frontend\node_modules\react\cjs\react.development.js:2667:24)
          at act (F:\elu\frontend\node_modules\react\cjs\react.development.js:2582:11)
          at F:\elu\frontend\node_modules\@testing-library\react\dist\act-compat.js:47:25
          at renderRoot (F:\elu\frontend\node_modules\@testing-library\react\dist\pure.js:180:26)
          at render (F:\elu\frontend\node_modules\@testing-library\react\dist\pure.js:271:10)
          at Object.<anonymous> (F:\elu\frontend\src\components\__tests__\ElectionLifecycle.test.tsx:7:11)
          at Promise.then.completed (F:\elu\frontend\node_modules\jest-circus\build\utils.js:298:28)
          at new Promise (<anonymous>)
          at callAsyncCircusFn (F:\elu\frontend\node_modules\jest-circus\build\utils.js:231:10)
          at _callCircusTest (F:\elu\frontend\node_modules\jest-circus\build\run.js:316:40)
          at processTicksAndRejections (node:internal/process/task_queues:103:5)
          at _runTest (F:\elu\frontend\node_modules\jest-circus\build\run.js:252:3)
          at _runTestsForDescribeBlock (F:\elu\frontend\node_modules\jest-circus\build\run.js:126:9)
          at _runTestsForDescribeBlock (F:\elu\frontend\node_modules\jest-circus\build\run.js:121:9)
          at run (F:\elu\frontend\node_modules\jest-circus\build\run.js:71:3)
          at runAndTransformResultsToJestFormat 
(F:\elu\frontend\node_modules\jest-circus\build\legacy-code-todo-rewrite\jestAdapterInit.js:122:21)
          at jestAdapter (F:\elu\frontend\node_modules\jest-circus\build\legacy-code-todo-rewrite\jestAdapter.js:79:19)
          at runTestInternal (F:\elu\frontend\node_modules\jest-runner\build\runTest.js:367:16)
          at runTest (F:\elu\frontend\node_modules\jest-runner\build\runTest.js:444:34)
          at Object.worker (F:\elu\frontend\node_modules\jest-runner\build\testWorker.js:106:12) {
        detail: TypeError: Cannot read properties of undefined (reading 'createElement')
            at ElectionLifecycle (F:\elu\frontend\src\components\ElectionLifecycle.tsx:131:26)
            at renderWithHooks (F:\elu\frontend\node_modules\react-dom\cjs\react-dom.development.js:15486:18)
            at mountIndeterminateComponent 
(F:\elu\frontend\node_modules\react-dom\cjs\react-dom.development.js:20103:13)
            at beginWork (F:\elu\frontend\node_modules\react-dom\cjs\react-dom.development.js:21626:16)
            at HTMLUnknownElement.callCallback 
(F:\elu\frontend\node_modules\react-dom\cjs\react-dom.development.js:4164:14)
            at HTMLUnknownElement.callTheUserObjectsOperation 
(F:\elu\frontend\node_modules\jsdom\lib\jsdom\living\generated\EventListener.js:26:30)
            at innerInvokeEventListeners 
(F:\elu\frontend\node_modules\jsdom\lib\jsdom\living\events\EventTarget-impl.js:350:25)
            at invokeEventListeners 
(F:\elu\frontend\node_modules\jsdom\lib\jsdom\living\events\EventTarget-impl.js:286:3)
            at HTMLUnknownElementImpl._dispatch 
(F:\elu\frontend\node_modules\jsdom\lib\jsdom\living\events\EventTarget-impl.js:233:9)
            at HTMLUnknownElementImpl.dispatchEvent 
(F:\elu\frontend\node_modules\jsdom\lib\jsdom\living\events\EventTarget-impl.js:104:17)
            at HTMLUnknownElement.dispatchEvent 
(F:\elu\frontend\node_modules\jsdom\lib\jsdom\living\generated\EventTarget.js:241:34)
            at Object.invokeGuardedCallbackDev 
(F:\elu\frontend\node_modules\react-dom\cjs\react-dom.development.js:4213:16)
            at invokeGuardedCallback (F:\elu\frontend\node_modules\react-dom\cjs\react-dom.development.js:4277:31)
            at beginWork$1 (F:\elu\frontend\node_modules\react-dom\cjs\react-dom.development.js:27490:7)
            at performUnitOfWork (F:\elu\frontend\node_modules\react-dom\cjs\react-dom.development.js:26599:12)
            at workLoopSync (F:\elu\frontend\node_modules\react-dom\cjs\react-dom.development.js:26505:5)
            at renderRootSync (F:\elu\frontend\node_modules\react-dom\cjs\react-dom.development.js:26473:7)
            at performConcurrentWorkOnRoot 
(F:\elu\frontend\node_modules\react-dom\cjs\react-dom.development.js:25777:74)
            at flushActQueue (F:\elu\frontend\node_modules\react\cjs\react.development.js:2667:24)
            at act (F:\elu\frontend\node_modules\react\cjs\react.development.js:2582:11)
            at F:\elu\frontend\node_modules\@testing-library\react\dist\act-compat.js:47:25
            at renderRoot (F:\elu\frontend\node_modules\@testing-library\react\dist\pure.js:180:26)
            at render (F:\elu\frontend\node_modules\@testing-library\react\dist\pure.js:271:10)
            at Object.<anonymous> (F:\elu\frontend\src\components\__tests__\ElectionLifecycle.test.tsx:7:11)
            at Promise.then.completed (F:\elu\frontend\node_modules\jest-circus\build\utils.js:298:28)
            at new Promise (<anonymous>)
            at callAsyncCircusFn (F:\elu\frontend\node_modules\jest-circus\build\utils.js:231:10)
            at _callCircusTest (F:\elu\frontend\node_modules\jest-circus\build\run.js:316:40)
            at processTicksAndRejections (node:internal/process/task_queues:103:5)
            at _runTest (F:\elu\frontend\node_modules\jest-circus\build\run.js:252:3)
            at _runTestsForDescribeBlock (F:\elu\frontend\node_modules\jest-circus\build\run.js:126:9)
            at _runTestsForDescribeBlock (F:\elu\frontend\node_modules\jest-circus\build\run.js:121:9)
            at run (F:\elu\frontend\node_modules\jest-circus\build\run.js:71:3)
            at runAndTransformResultsToJestFormat 
(F:\elu\frontend\node_modules\jest-circus\build\legacy-code-todo-rewrite\jestAdapterInit.js:122:21)
            at jestAdapter 
(F:\elu\frontend\node_modules\jest-circus\build\legacy-code-todo-rewrite\jestAdapter.js:79:19)
            at runTestInternal (F:\elu\frontend\node_modules\jest-runner\build\runTest.js:367:16)
            at runTest (F:\elu\frontend\node_modules\jest-runner\build\runTest.js:444:34)
            at Object.worker (F:\elu\frontend\node_modules\jest-runner\build\testWorker.js:106:12),
        type: 'unhandled exception'
      }

    [0m [90m  5 |[39m describe([32m'ElectionLifecycle Component'[39m[33m,[39m () [33m=>[39m {
     [90m  6 |[39m   it([32m'renders correctly'[39m[33m,[39m () [33m=>[39m {
    [31m[1m>[22m[39m[90m  7 |[39m     render([33m<[39m[33mElectionLifecycle[39m 
[33m/[39m[33m>[39m)[33m;[39m
     [90m    |[39m           [31m[1m^[22m[39m
     [90m  8 |[39m     expect(screen[33m.[39mgetByText([35m/The Democratic 
Journey/i[39m))[33m.[39mtoBeInTheDocument()[33m;[39m
     [90m  9 |[39m   })[33m;[39m
     [90m 10 |[39m[0m

      at VirtualConsole.<anonymous> (node_modules/jest-environment-jsdom/build/index.js:63:23)
      at reportException (node_modules/jsdom/lib/jsdom/living/helpers/runtime-script-errors.js:70:28)
      at innerInvokeEventListeners (node_modules/jsdom/lib/jsdom/living/events/EventTarget-impl.js:353:9)
      at invokeEventListeners (node_modules/jsdom/lib/jsdom/living/events/EventTarget-impl.js:286:3)
      at HTMLUnknownElementImpl._dispatch (node_modules/jsdom/lib/jsdom/living/events/EventTarget-impl.js:233:9)
      at HTMLUnknownElementImpl.dispatchEvent (node_modules/jsdom/lib/jsdom/living/events/EventTarget-impl.js:104:17)
      at HTMLUnknownElement.dispatchEvent (node_modules/jsdom/lib/jsdom/living/generated/EventTarget.js:241:34)
      at Object.invokeGuardedCallbackDev (node_modules/react-dom/cjs/react-dom.development.js:4213:16)
      at invokeGuardedCallback (node_modules/react-dom/cjs/react-dom.development.js:4277:31)
      at beginWork$1 (node_modules/react-dom/cjs/react-dom.development.js:27490:7)
      at performUnitOfWork (node_modules/react-dom/cjs/react-dom.development.js:26599:12)
      at workLoopSync (node_modules/react-dom/cjs/react-dom.development.js:26505:5)
      at renderRootSync (node_modules/react-dom/cjs/react-dom.development.js:26473:7)
      at performConcurrentWorkOnRoot (node_modules/react-dom/cjs/react-dom.development.js:25777:74)
      at flushActQueue (node_modules/react/cjs/react.development.js:2667:24)
      at act (node_modules/react/cjs/react.development.js:2582:11)
      at node_modules/@testing-library/react/dist/act-compat.js:47:25
      at renderRoot (node_modules/@testing-library/react/dist/pure.js:180:26)
      at render (node_modules/@testing-library/react/dist/pure.js:271:10)
      at Object.<anonymous> (src/components/__tests__/ElectionLifecycle.test.tsx:7:11)

    console.error
      Error: Uncaught [TypeError: Cannot read properties of undefined (reading 'createElement')]
          at reportException 
(F:\elu\frontend\node_modules\jsdom\lib\jsdom\living\helpers\runtime-script-errors.js:66:24)
          at innerInvokeEventListeners 
(F:\elu\frontend\node_modules\jsdom\lib\jsdom\living\events\EventTarget-impl.js:353:9)
          at invokeEventListeners 
(F:\elu\frontend\node_modules\jsdom\lib\jsdom\living\events\EventTarget-impl.js:286:3)
          at HTMLUnknownElementImpl._dispatch 
(F:\elu\frontend\node_modules\jsdom\lib\jsdom\living\events\EventTarget-impl.js:233:9)
          at HTMLUnknownElementImpl.dispatchEvent 
(F:\elu\frontend\node_modules\jsdom\lib\jsdom\living\events\EventTarget-impl.js:104:17)
          at HTMLUnknownElement.dispatchEvent 
(F:\elu\frontend\node_modules\jsdom\lib\jsdom\living\generated\EventTarget.js:241:34)
          at Object.invokeGuardedCallbackDev 
(F:\elu\frontend\node_modules\react-dom\cjs\react-dom.development.js:4213:16)
          at invokeGuardedCallback (F:\elu\frontend\node_modules\react-dom\cjs\react-dom.development.js:4277:31)
          at beginWork$1 (F:\elu\frontend\node_modules\react-dom\cjs\react-dom.development.js:27490:7)
          at performUnitOfWork (F:\elu\frontend\node_modules\react-dom\cjs\react-dom.development.js:26599:12)
          at workLoopSync (F:\elu\frontend\node_modules\react-dom\cjs\react-dom.development.js:26505:5)
          at renderRootSync (F:\elu\frontend\node_modules\react-dom\cjs\react-dom.development.js:26473:7)
          at recoverFromConcurrentError (F:\elu\frontend\node_modules\react-dom\cjs\react-dom.development.js:25889:20)
          at performConcurrentWorkOnRoot (F:\elu\frontend\node_modules\react-dom\cjs\react-dom.development.js:25789:22)
          at flushActQueue (F:\elu\frontend\node_modules\react\cjs\react.development.js:2667:24)
          at act (F:\elu\frontend\node_modules\react\cjs\react.development.js:2582:11)
          at F:\elu\frontend\node_modules\@testing-library\react\dist\act-compat.js:47:25
          at renderRoot (F:\elu\frontend\node_modules\@testing-library\react\dist\pure.js:180:26)
          at render (F:\elu\frontend\node_modules\@testing-library\react\dist\pure.js:271:10)
          at Object.<anonymous> (F:\elu\frontend\src\components\__tests__\ElectionLifecycle.test.tsx:7:11)
          at Promise.then.completed (F:\elu\frontend\node_modules\jest-circus\build\utils.js:298:28)
          at new Promise (<anonymous>)
          at callAsyncCircusFn (F:\elu\frontend\node_modules\jest-circus\build\utils.js:231:10)
          at _callCircusTest (F:\elu\frontend\node_modules\jest-circus\build\run.js:316:40)
          at processTicksAndRejections (node:internal/process/task_queues:103:5)
          at _runTest (F:\elu\frontend\node_modules\jest-circus\build\run.js:252:3)
          at _runTestsForDescribeBlock (F:\elu\frontend\node_modules\jest-circus\build\run.js:126:9)
          at _runTestsForDescribeBlock (F:\elu\frontend\node_modules\jest-circus\build\run.js:121:9)
          at run (F:\elu\frontend\node_modules\jest-circus\build\run.js:71:3)
          at runAndTransformResultsToJestFormat 
(F:\elu\frontend\node_modules\jest-circus\build\legacy-code-todo-rewrite\jestAdapterInit.js:122:21)
          at jestAdapter (F:\elu\frontend\node_modules\jest-circus\build\legacy-code-todo-rewrite\jestAdapter.js:79:19)
          at runTestInternal (F:\elu\frontend\node_modules\jest-runner\build\runTest.js:367:16)
          at runTest (F:\elu\frontend\node_modules\jest-runner\build\runTest.js:444:34)
          at Object.worker (F:\elu\frontend\node_modules\jest-runner\build\testWorker.js:106:12) {
        detail: TypeError: Cannot read properties of undefined (reading 'createElement')
            at ElectionLifecycle (F:\elu\frontend\src\components\ElectionLifecycle.tsx:131:26)
            at renderWithHooks (F:\elu\frontend\node_modules\react-dom\cjs\react-dom.development.js:15486:18)
            at mountIndeterminateComponent 
(F:\elu\frontend\node_modules\react-dom\cjs\react-dom.development.js:20103:13)
            at beginWork (F:\elu\frontend\node_modules\react-dom\cjs\react-dom.development.js:21626:16)
            at HTMLUnknownElement.callCallback 
(F:\elu\frontend\node_modules\react-dom\cjs\react-dom.development.js:4164:14)
            at HTMLUnknownElement.callTheUserObjectsOperation 
(F:\elu\frontend\node_modules\jsdom\lib\jsdom\living\generated\EventListener.js:26:30)
            at innerInvokeEventListeners 
(F:\elu\frontend\node_modules\jsdom\lib\jsdom\living\events\EventTarget-impl.js:350:25)
            at invokeEventListeners 
(F:\elu\frontend\node_modules\jsdom\lib\jsdom\living\events\EventTarget-impl.js:286:3)
            at HTMLUnknownElementImpl._dispatch 
(F:\elu\frontend\node_modules\jsdom\lib\jsdom\living\events\EventTarget-impl.js:233:9)
            at HTMLUnknownElementImpl.dispatchEvent 
(F:\elu\frontend\node_modules\jsdom\lib\jsdom\living\events\EventTarget-impl.js:104:17)
            at HTMLUnknownElement.dispatchEvent 
(F:\elu\frontend\node_modules\jsdom\lib\jsdom\living\generated\EventTarget.js:241:34)
            at Object.invokeGuardedCallbackDev 
(F:\elu\frontend\node_modules\react-dom\cjs\react-dom.development.js:4213:16)
            at invokeGuardedCallback (F:\elu\frontend\node_modules\react-dom\cjs\react-dom.development.js:4277:31)
            at beginWork$1 (F:\elu\frontend\node_modules\react-dom\cjs\react-dom.development.js:27490:7)
            at performUnitOfWork (F:\elu\frontend\node_modules\react-dom\cjs\react-dom.development.js:26599:12)
            at workLoopSync (F:\elu\frontend\node_modules\react-dom\cjs\react-dom.development.js:26505:5)
            at renderRootSync (F:\elu\frontend\node_modules\react-dom\cjs\react-dom.development.js:26473:7)
            at recoverFromConcurrentError 
(F:\elu\frontend\node_modules\react-dom\cjs\react-dom.development.js:25889:20)
            at performConcurrentWorkOnRoot 
(F:\elu\frontend\node_modules\react-dom\cjs\react-dom.development.js:25789:22)
            at flushActQueue (F:\elu\frontend\node_modules\react\cjs\react.development.js:2667:24)
            at act (F:\elu\frontend\node_modules\react\cjs\react.development.js:2582:11)
            at F:\elu\frontend\node_modules\@testing-library\react\dist\act-compat.js:47:25
            at renderRoot (F:\elu\frontend\node_modules\@testing-library\react\dist\pure.js:180:26)
            at render (F:\elu\frontend\node_modules\@testing-library\react\dist\pure.js:271:10)
            at Object.<anonymous> (F:\elu\frontend\src\components\__tests__\ElectionLifecycle.test.tsx:7:11)
            at Promise.then.completed (F:\elu\frontend\node_modules\jest-circus\build\utils.js:298:28)
            at new Promise (<anonymous>)
            at callAsyncCircusFn (F:\elu\frontend\node_modules\jest-circus\build\utils.js:231:10)
            at _callCircusTest (F:\elu\frontend\node_modules\jest-circus\build\run.js:316:40)
            at processTicksAndRejections (node:internal/process/task_queues:103:5)
            at _runTest (F:\elu\frontend\node_modules\jest-circus\build\run.js:252:3)
            at _runTestsForDescribeBlock (F:\elu\frontend\node_modules\jest-circus\build\run.js:126:9)
            at _runTestsForDescribeBlock (F:\elu\frontend\node_modules\jest-circus\build\run.js:121:9)
            at run (F:\elu\frontend\node_modules\jest-circus\build\run.js:71:3)
            at runAndTransformResultsToJestFormat 
(F:\elu\frontend\node_modules\jest-circus\build\legacy-code-todo-rewrite\jestAdapterInit.js:122:21)
            at jestAdapter 
(F:\elu\frontend\node_modules\jest-circus\build\legacy-code-todo-rewrite\jestAdapter.js:79:19)
            at runTestInternal (F:\elu\frontend\node_modules\jest-runner\build\runTest.js:367:16)
            at runTest (F:\elu\frontend\node_modules\jest-runner\build\runTest.js:444:34)
            at Object.worker (F:\elu\frontend\node_modules\jest-runner\build\testWorker.js:106:12),
        type: 'unhandled exception'
      }

    [0m [90m  5 |[39m describe([32m'ElectionLifecycle Component'[39m[33m,[39m () [33m=>[39m {
     [90m  6 |[39m   it([32m'renders correctly'[39m[33m,[39m () [33m=>[39m {
    [31m[1m>[22m[39m[90m  7 |[39m     render([33m<[39m[33mElectionLifecycle[39m 
[33m/[39m[33m>[39m)[33m;[39m
     [90m    |[39m           [31m[1m^[22m[39m
     [90m  8 |[39m     expect(screen[33m.[39mgetByText([35m/The Democratic 
Journey/i[39m))[33m.[39mtoBeInTheDocument()[33m;[39m
     [90m  9 |[39m   })[33m;[39m
     [90m 10 |[39m[0m

      at VirtualConsole.<anonymous> (node_modules/jest-environment-jsdom/build/index.js:63:23)
      at reportException (node_modules/jsdom/lib/jsdom/living/helpers/runtime-script-errors.js:70:28)
      at innerInvokeEventListeners (node_modules/jsdom/lib/jsdom/living/events/EventTarget-impl.js:353:9)
      at invokeEventListeners (node_modules/jsdom/lib/jsdom/living/events/EventTarget-impl.js:286:3)
      at HTMLUnknownElementImpl._dispatch (node_modules/jsdom/lib/jsdom/living/events/EventTarget-impl.js:233:9)
      at HTMLUnknownElementImpl.dispatchEvent (node_modules/jsdom/lib/jsdom/living/events/EventTarget-impl.js:104:17)
      at HTMLUnknownElement.dispatchEvent (node_modules/jsdom/lib/jsdom/living/generated/EventTarget.js:241:34)
      at Object.invokeGuardedCallbackDev (node_modules/react-dom/cjs/react-dom.development.js:4213:16)
      at invokeGuardedCallback (node_modules/react-dom/cjs/react-dom.development.js:4277:31)
      at beginWork$1 (node_modules/react-dom/cjs/react-dom.development.js:27490:7)
      at performUnitOfWork (node_modules/react-dom/cjs/react-dom.development.js:26599:12)
      at workLoopSync (node_modules/react-dom/cjs/react-dom.development.js:26505:5)
      at renderRootSync (node_modules/react-dom/cjs/react-dom.development.js:26473:7)
      at recoverFromConcurrentError (node_modules/react-dom/cjs/react-dom.development.js:25889:20)
      at performConcurrentWorkOnRoot (node_modules/react-dom/cjs/react-dom.development.js:25789:22)
      at flushActQueue (node_modules/react/cjs/react.development.js:2667:24)
      at act (node_modules/react/cjs/react.development.js:2582:11)
      at node_modules/@testing-library/react/dist/act-compat.js:47:25
      at renderRoot (node_modules/@testing-library/react/dist/pure.js:180:26)
      at render (node_modules/@testing-library/react/dist/pure.js:271:10)
      at Object.<anonymous> (src/components/__tests__/ElectionLifecycle.test.tsx:7:11)

    console.error
      The above error occurred in the <ElectionLifecycle> component:
      
          at ElectionLifecycle (F:\elu\frontend\src\components\ElectionLifecycle.tsx:81:47)
      
      Consider adding an error boundary to your tree to customize error handling behavior.
      Visit https://reactjs.org/link/error-boundaries to learn more about error boundaries.

    [0m [90m  5 |[39m describe([32m'ElectionLifecycle Component'[39m[33m,[39m () [33m=>[39m {
     [90m  6 |[39m   it([32m'renders correctly'[39m[33m,[39m () [33m=>[39m {
    [31m[1m>[22m[39m[90m  7 |[39m     render([33m<[39m[33mElectionLifecycle[39m 
[33m/[39m[33m>[39m)[33m;[39m
     [90m    |[39m           [31m[1m^[22m[39m
     [90m  8 |[39m     expect(screen[33m.[39mgetByText([35m/The Democratic 
Journey/i[39m))[33m.[39mtoBeInTheDocument()[33m;[39m
     [90m  9 |[39m   })[33m;[39m
     [90m 10 |[39m[0m

      at logCapturedError (node_modules/react-dom/cjs/react-dom.development.js:18704:23)
      at update.callback (node_modules/react-dom/cjs/react-dom.development.js:18737:5)
      at callCallback (node_modules/react-dom/cjs/react-dom.development.js:15036:12)
      at commitUpdateQueue (node_modules/react-dom/cjs/react-dom.development.js:15057:9)
      at commitLayoutEffectOnFiber (node_modules/react-dom/cjs/react-dom.development.js:23430:13)
      at commitLayoutMountEffects_complete (node_modules/react-dom/cjs/react-dom.development.js:24727:9)
      at commitLayoutEffects_begin (node_modules/react-dom/cjs/react-dom.development.js:24713:7)
      at commitLayoutEffects (node_modules/react-dom/cjs/react-dom.development.js:24651:3)
      at commitRootImpl (node_modules/react-dom/cjs/react-dom.development.js:26862:5)
      at commitRoot (node_modules/react-dom/cjs/react-dom.development.js:26721:5)
      at finishConcurrentRender (node_modules/react-dom/cjs/react-dom.development.js:25931:9)
      at performConcurrentWorkOnRoot (node_modules/react-dom/cjs/react-dom.development.js:25848:7)
      at flushActQueue (node_modules/react/cjs/react.development.js:2667:24)
      at act (node_modules/react/cjs/react.development.js:2582:11)
      at node_modules/@testing-library/react/dist/act-compat.js:47:25
      at renderRoot (node_modules/@testing-library/react/dist/pure.js:180:26)
      at render (node_modules/@testing-library/react/dist/pure.js:271:10)
      at Object.<anonymous> (src/components/__tests__/ElectionLifecycle.test.tsx:7:11)

    console.error
      Error: Uncaught [TypeError: Cannot read properties of undefined (reading 'createElement')]
          at reportException 
(F:\elu\frontend\node_modules\jsdom\lib\jsdom\living\helpers\runtime-script-errors.js:66:24)
          at innerInvokeEventListeners 
(F:\elu\frontend\node_modules\jsdom\lib\jsdom\living\events\EventTarget-impl.js:353:9)
          at invokeEventListeners 
(F:\elu\frontend\node_modules\jsdom\lib\jsdom\living\events\EventTarget-impl.js:286:3)
          at HTMLUnknownElementImpl._dispatch 
(F:\elu\frontend\node_modules\jsdom\lib\jsdom\living\events\EventTarget-impl.js:233:9)
          at HTMLUnknownElementImpl.dispatchEvent 
(F:\elu\frontend\node_modules\jsdom\lib\jsdom\living\events\EventTarget-impl.js:104:17)
          at HTMLUnknownElement.dispatchEvent 
(F:\elu\frontend\node_modules\jsdom\lib\jsdom\living\generated\EventTarget.js:241:34)
          at Object.invokeGuardedCallbackDev 
(F:\elu\frontend\node_modules\react-dom\cjs\react-dom.development.js:4213:16)
          at invokeGuardedCallback (F:\elu\frontend\node_modules\react-dom\cjs\react-dom.development.js:4277:31)
          at beginWork$1 (F:\elu\frontend\node_modules\react-dom\cjs\react-dom.development.js:27490:7)
          at performUnitOfWork (F:\elu\frontend\node_modules\react-dom\cjs\react-dom.development.js:26599:12)
          at workLoopSync (F:\elu\frontend\node_modules\react-dom\cjs\react-dom.development.js:26505:5)
          at renderRootSync (F:\elu\frontend\node_modules\react-dom\cjs\react-dom.development.js:26473:7)
          at performConcurrentWorkOnRoot (F:\elu\frontend\node_modules\react-dom\cjs\react-dom.development.js:25777:74)
          at flushActQueue (F:\elu\frontend\node_modules\react\cjs\react.development.js:2667:24)
          at act (F:\elu\frontend\node_modules\react\cjs\react.development.js:2582:11)
          at F:\elu\frontend\node_modules\@testing-library\react\dist\act-compat.js:47:25
          at renderRoot (F:\elu\frontend\node_modules\@testing-library\react\dist\pure.js:180:26)
          at render (F:\elu\frontend\node_modules\@testing-library\react\dist\pure.js:271:10)
          at Object.<anonymous> (F:\elu\frontend\src\components\__tests__\ElectionLifecycle.test.tsx:12:11)
          at Promise.then.completed (F:\elu\frontend\node_modules\jest-circus\build\utils.js:298:28)
          at new Promise (<anonymous>)
          at callAsyncCircusFn (F:\elu\frontend\node_modules\jest-circus\build\utils.js:231:10)
          at _callCircusTest (F:\elu\frontend\node_modules\jest-circus\build\run.js:316:40)
          at processTicksAndRejections (node:internal/process/task_queues:103:5)
          at _runTest (F:\elu\frontend\node_modules\jest-circus\build\run.js:252:3)
          at _runTestsForDescribeBlock (F:\elu\frontend\node_modules\jest-circus\build\run.js:126:9)
          at _runTestsForDescribeBlock (F:\elu\frontend\node_modules\jest-circus\build\run.js:121:9)
          at run (F:\elu\frontend\node_modules\jest-circus\build\run.js:71:3)
          at runAndTransformResultsToJestFormat 
(F:\elu\frontend\node_modules\jest-circus\build\legacy-code-todo-rewrite\jestAdapterInit.js:122:21)
          at jestAdapter (F:\elu\frontend\node_modules\jest-circus\build\legacy-code-todo-rewrite\jestAdapter.js:79:19)
          at runTestInternal (F:\elu\frontend\node_modules\jest-runner\build\runTest.js:367:16)
          at runTest (F:\elu\frontend\node_modules\jest-runner\build\runTest.js:444:34)
          at Object.worker (F:\elu\frontend\node_modules\jest-runner\build\testWorker.js:106:12) {
        detail: TypeError: Cannot read properties of undefined (reading 'createElement')
            at ElectionLifecycle (F:\elu\frontend\src\components\ElectionLifecycle.tsx:131:26)
            at renderWithHooks (F:\elu\frontend\node_modules\react-dom\cjs\react-dom.development.js:15486:18)
            at mountIndeterminateComponent 
(F:\elu\frontend\node_modules\react-dom\cjs\react-dom.development.js:20103:13)
            at beginWork (F:\elu\frontend\node_modules\react-dom\cjs\react-dom.development.js:21626:16)
            at HTMLUnknownElement.callCallback 
(F:\elu\frontend\node_modules\react-dom\cjs\react-dom.development.js:4164:14)
            at HTMLUnknownElement.callTheUserObjectsOperation 
(F:\elu\frontend\node_modules\jsdom\lib\jsdom\living\generated\EventListener.js:26:30)
            at innerInvokeEventListeners 
(F:\elu\frontend\node_modules\jsdom\lib\jsdom\living\events\EventTarget-impl.js:350:25)
            at invokeEventListeners 
(F:\elu\frontend\node_modules\jsdom\lib\jsdom\living\events\EventTarget-impl.js:286:3)
            at HTMLUnknownElementImpl._dispatch 
(F:\elu\frontend\node_modules\jsdom\lib\jsdom\living\events\EventTarget-impl.js:233:9)
            at HTMLUnknownElementImpl.dispatchEvent 
(F:\elu\frontend\node_modules\jsdom\lib\jsdom\living\events\EventTarget-impl.js:104:17)
            at HTMLUnknownElement.dispatchEvent 
(F:\elu\frontend\node_modules\jsdom\lib\jsdom\living\generated\EventTarget.js:241:34)
            at Object.invokeGuardedCallbackDev 
(F:\elu\frontend\node_modules\react-dom\cjs\react-dom.development.js:4213:16)
            at invokeGuardedCallback (F:\elu\frontend\node_modules\react-dom\cjs\react-dom.development.js:4277:31)
            at beginWork$1 (F:\elu\frontend\node_modules\react-dom\cjs\react-dom.development.js:27490:7)
            at performUnitOfWork (F:\elu\frontend\node_modules\react-dom\cjs\react-dom.development.js:26599:12)
            at workLoopSync (F:\elu\frontend\node_modules\react-dom\cjs\react-dom.development.js:26505:5)
            at renderRootSync (F:\elu\frontend\node_modules\react-dom\cjs\react-dom.development.js:26473:7)
            at performConcurrentWorkOnRoot 
(F:\elu\frontend\node_modules\react-dom\cjs\react-dom.development.js:25777:74)
            at flushActQueue (F:\elu\frontend\node_modules\react\cjs\react.development.js:2667:24)
            at act (F:\elu\frontend\node_modules\react\cjs\react.development.js:2582:11)
            at F:\elu\frontend\node_modules\@testing-library\react\dist\act-compat.js:47:25
            at renderRoot (F:\elu\frontend\node_modules\@testing-library\react\dist\pure.js:180:26)
            at render (F:\elu\frontend\node_modules\@testing-library\react\dist\pure.js:271:10)
            at Object.<anonymous> (F:\elu\frontend\src\components\__tests__\ElectionLifecycle.test.tsx:12:11)
            at Promise.then.completed (F:\elu\frontend\node_modules\jest-circus\build\utils.js:298:28)
            at new Promise (<anonymous>)
            at callAsyncCircusFn (F:\elu\frontend\node_modules\jest-circus\build\utils.js:231:10)
            at _callCircusTest (F:\elu\frontend\node_modules\jest-circus\build\run.js:316:40)
            at processTicksAndRejections (node:internal/process/task_queues:103:5)
            at _runTest (F:\elu\frontend\node_modules\jest-circus\build\run.js:252:3)
            at _runTestsForDescribeBlock (F:\elu\frontend\node_modules\jest-circus\build\run.js:126:9)
            at _runTestsForDescribeBlock (F:\elu\frontend\node_modules\jest-circus\build\run.js:121:9)
            at run (F:\elu\frontend\node_modules\jest-circus\build\run.js:71:3)
            at runAndTransformResultsToJestFormat 
(F:\elu\frontend\node_modules\jest-circus\build\legacy-code-todo-rewrite\jestAdapterInit.js:122:21)
            at jestAdapter 
(F:\elu\frontend\node_modules\jest-circus\build\legacy-code-todo-rewrite\jestAdapter.js:79:19)
            at runTestInternal (F:\elu\frontend\node_modules\jest-runner\build\runTest.js:367:16)
            at runTest (F:\elu\frontend\node_modules\jest-runner\build\runTest.js:444:34)
            at Object.worker (F:\elu\frontend\node_modules\jest-runner\build\testWorker.js:106:12),
        type: 'unhandled exception'
      }

    [0m [90m 10 |[39m
     [90m 11 |[39m   it([32m'navigates through steps'[39m[33m,[39m () [33m=>[39m {
    [31m[1m>[22m[39m[90m 12 |[39m     render([33m<[39m[33mElectionLifecycle[39m 
[33m/[39m[33m>[39m)[33m;[39m
     [90m    |[39m           [31m[1m^[22m[39m
     [90m 13 |[39m     [36mconst[39m nextBtn [33m=[39m screen[33m.[39mgetByText([35m/Next 
Step/i[39m)[33m;[39m
     [90m 14 |[39m     
     [90m 15 |[39m     [90m// Initial step[39m[0m

      at VirtualConsole.<anonymous> (node_modules/jest-environment-jsdom/build/index.js:63:23)
      at reportException (node_modules/jsdom/lib/jsdom/living/helpers/runtime-script-errors.js:70:28)
      at innerInvokeEventListeners (node_modules/jsdom/lib/jsdom/living/events/EventTarget-impl.js:353:9)
      at invokeEventListeners (node_modules/jsdom/lib/jsdom/living/events/EventTarget-impl.js:286:3)
      at HTMLUnknownElementImpl._dispatch (node_modules/jsdom/lib/jsdom/living/events/EventTarget-impl.js:233:9)
      at HTMLUnknownElementImpl.dispatchEvent (node_modules/jsdom/lib/jsdom/living/events/EventTarget-impl.js:104:17)
      at HTMLUnknownElement.dispatchEvent (node_modules/jsdom/lib/jsdom/living/generated/EventTarget.js:241:34)
      at Object.invokeGuardedCallbackDev (node_modules/react-dom/cjs/react-dom.development.js:4213:16)
      at invokeGuardedCallback (node_modules/react-dom/cjs/react-dom.development.js:4277:31)
      at beginWork$1 (node_modules/react-dom/cjs/react-dom.development.js:27490:7)
      at performUnitOfWork (node_modules/react-dom/cjs/react-dom.development.js:26599:12)
      at workLoopSync (node_modules/react-dom/cjs/react-dom.development.js:26505:5)
      at renderRootSync (node_modules/react-dom/cjs/react-dom.development.js:26473:7)
      at performConcurrentWorkOnRoot (node_modules/react-dom/cjs/react-dom.development.js:25777:74)
      at flushActQueue (node_modules/react/cjs/react.development.js:2667:24)
      at act (node_modules/react/cjs/react.development.js:2582:11)
      at node_modules/@testing-library/react/dist/act-compat.js:47:25
      at renderRoot (node_modules/@testing-library/react/dist/pure.js:180:26)
      at render (node_modules/@testing-library/react/dist/pure.js:271:10)
      at Object.<anonymous> (src/components/__tests__/ElectionLifecycle.test.tsx:12:11)

    console.error
      Error: Uncaught [TypeError: Cannot read properties of undefined (reading 'createElement')]
          at reportException 
(F:\elu\frontend\node_modules\jsdom\lib\jsdom\living\helpers\runtime-script-errors.js:66:24)
          at innerInvokeEventListeners 
(F:\elu\frontend\node_modules\jsdom\lib\jsdom\living\events\EventTarget-impl.js:353:9)
          at invokeEventListeners 
(F:\elu\frontend\node_modules\jsdom\lib\jsdom\living\events\EventTarget-impl.js:286:3)
          at HTMLUnknownElementImpl._dispatch 
(F:\elu\frontend\node_modules\jsdom\lib\jsdom\living\events\EventTarget-impl.js:233:9)
          at HTMLUnknownElementImpl.dispatchEvent 
(F:\elu\frontend\node_modules\jsdom\lib\jsdom\living\events\EventTarget-impl.js:104:17)
          at HTMLUnknownElement.dispatchEvent 
(F:\elu\frontend\node_modules\jsdom\lib\jsdom\living\generated\EventTarget.js:241:34)
          at Object.invokeGuardedCallbackDev 
(F:\elu\frontend\node_modules\react-dom\cjs\react-dom.development.js:4213:16)
          at invokeGuardedCallback (F:\elu\frontend\node_modules\react-dom\cjs\react-dom.development.js:4277:31)
          at beginWork$1 (F:\elu\frontend\node_modules\react-dom\cjs\react-dom.development.js:27490:7)
          at performUnitOfWork (F:\elu\frontend\node_modules\react-dom\cjs\react-dom.development.js:26599:12)
          at workLoopSync (F:\elu\frontend\node_modules\react-dom\cjs\react-dom.development.js:26505:5)
          at renderRootSync (F:\elu\frontend\node_modules\react-dom\cjs\react-dom.development.js:26473:7)
          at recoverFromConcurrentError (F:\elu\frontend\node_modules\react-dom\cjs\react-dom.development.js:25889:20)
          at performConcurrentWorkOnRoot (F:\elu\frontend\node_modules\react-dom\cjs\react-dom.development.js:25789:22)
          at flushActQueue (F:\elu\frontend\node_modules\react\cjs\react.development.js:2667:24)
          at act (F:\elu\frontend\node_modules\react\cjs\react.development.js:2582:11)
          at F:\elu\frontend\node_modules\@testing-library\react\dist\act-compat.js:47:25
          at renderRoot (F:\elu\frontend\node_modules\@testing-library\react\dist\pure.js:180:26)
          at render (F:\elu\frontend\node_modules\@testing-library\react\dist\pure.js:271:10)
          at Object.<anonymous> (F:\elu\frontend\src\components\__tests__\ElectionLifecycle.test.tsx:12:11)
          at Promise.then.completed (F:\elu\frontend\node_modules\jest-circus\build\utils.js:298:28)
          at new Promise (<anonymous>)
          at callAsyncCircusFn (F:\elu\frontend\node_modules\jest-circus\build\utils.js:231:10)
          at _callCircusTest (F:\elu\frontend\node_modules\jest-circus\build\run.js:316:40)
          at processTicksAndRejections (node:internal/process/task_queues:103:5)
          at _runTest (F:\elu\frontend\node_modules\jest-circus\build\run.js:252:3)
          at _runTestsForDescribeBlock (F:\elu\frontend\node_modules\jest-circus\build\run.js:126:9)
          at _runTestsForDescribeBlock (F:\elu\frontend\node_modules\jest-circus\build\run.js:121:9)
          at run (F:\elu\frontend\node_modules\jest-circus\build\run.js:71:3)
          at runAndTransformResultsToJestFormat 
(F:\elu\frontend\node_modules\jest-circus\build\legacy-code-todo-rewrite\jestAdapterInit.js:122:21)
          at jestAdapter (F:\elu\frontend\node_modules\jest-circus\build\legacy-code-todo-rewrite\jestAdapter.js:79:19)
          at runTestInternal (F:\elu\frontend\node_modules\jest-runner\build\runTest.js:367:16)
          at runTest (F:\elu\frontend\node_modules\jest-runner\build\runTest.js:444:34)
          at Object.worker (F:\elu\frontend\node_modules\jest-runner\build\testWorker.js:106:12) {
        detail: TypeError: Cannot read properties of undefined (reading 'createElement')
            at ElectionLifecycle (F:\elu\frontend\src\components\ElectionLifecycle.tsx:131:26)
            at renderWithHooks (F:\elu\frontend\node_modules\react-dom\cjs\react-dom.development.js:15486:18)
            at mountIndeterminateComponent 
(F:\elu\frontend\node_modules\react-dom\cjs\react-dom.development.js:20103:13)
            at beginWork (F:\elu\frontend\node_modules\react-dom\cjs\react-dom.development.js:21626:16)
            at HTMLUnknownElement.callCallback 
(F:\elu\frontend\node_modules\react-dom\cjs\react-dom.development.js:4164:14)
            at HTMLUnknownElement.callTheUserObjectsOperation 
(F:\elu\frontend\node_modules\jsdom\lib\jsdom\living\generated\EventListener.js:26:30)
            at innerInvokeEventListeners 
(F:\elu\frontend\node_modules\jsdom\lib\jsdom\living\events\EventTarget-impl.js:350:25)
            at invokeEventListeners 
(F:\elu\frontend\node_modules\jsdom\lib\jsdom\living\events\EventTarget-impl.js:286:3)
            at HTMLUnknownElementImpl._dispatch 
(F:\elu\frontend\node_modules\jsdom\lib\jsdom\living\events\EventTarget-impl.js:233:9)
            at HTMLUnknownElementImpl.dispatchEvent 
(F:\elu\frontend\node_modules\jsdom\lib\jsdom\living\events\EventTarget-impl.js:104:17)
            at HTMLUnknownElement.dispatchEvent 
(F:\elu\frontend\node_modules\jsdom\lib\jsdom\living\generated\EventTarget.js:241:34)
            at Object.invokeGuardedCallbackDev 
(F:\elu\frontend\node_modules\react-dom\cjs\react-dom.development.js:4213:16)
            at invokeGuardedCallback (F:\elu\frontend\node_modules\react-dom\cjs\react-dom.development.js:4277:31)
            at beginWork$1 (F:\elu\frontend\node_modules\react-dom\cjs\react-dom.development.js:27490:7)
            at performUnitOfWork (F:\elu\frontend\node_modules\react-dom\cjs\react-dom.development.js:26599:12)
            at workLoopSync (F:\elu\frontend\node_modules\react-dom\cjs\react-dom.development.js:26505:5)
            at renderRootSync (F:\elu\frontend\node_modules\react-dom\cjs\react-dom.development.js:26473:7)
            at recoverFromConcurrentError 
(F:\elu\frontend\node_modules\react-dom\cjs\react-dom.development.js:25889:20)
            at performConcurrentWorkOnRoot 
(F:\elu\frontend\node_modules\react-dom\cjs\react-dom.development.js:25789:22)
            at flushActQueue (F:\elu\frontend\node_modules\react\cjs\react.development.js:2667:24)
            at act (F:\elu\frontend\node_modules\react\cjs\react.development.js:2582:11)
            at F:\elu\frontend\node_modules\@testing-library\react\dist\act-compat.js:47:25
            at renderRoot (F:\elu\frontend\node_modules\@testing-library\react\dist\pure.js:180:26)
            at render (F:\elu\frontend\node_modules\@testing-library\react\dist\pure.js:271:10)
            at Object.<anonymous> (F:\elu\frontend\src\components\__tests__\ElectionLifecycle.test.tsx:12:11)
            at Promise.then.completed (F:\elu\frontend\node_modules\jest-circus\build\utils.js:298:28)
            at new Promise (<anonymous>)
            at callAsyncCircusFn (F:\elu\frontend\node_modules\jest-circus\build\utils.js:231:10)
            at _callCircusTest (F:\elu\frontend\node_modules\jest-circus\build\run.js:316:40)
            at processTicksAndRejections (node:internal/process/task_queues:103:5)
            at _runTest (F:\elu\frontend\node_modules\jest-circus\build\run.js:252:3)
            at _runTestsForDescribeBlock (F:\elu\frontend\node_modules\jest-circus\build\run.js:126:9)
            at _runTestsForDescribeBlock (F:\elu\frontend\node_modules\jest-circus\build\run.js:121:9)
            at run (F:\elu\frontend\node_modules\jest-circus\build\run.js:71:3)
            at runAndTransformResultsToJestFormat 
(F:\elu\frontend\node_modules\jest-circus\build\legacy-code-todo-rewrite\jestAdapterInit.js:122:21)
            at jestAdapter 
(F:\elu\frontend\node_modules\jest-circus\build\legacy-code-todo-rewrite\jestAdapter.js:79:19)
            at runTestInternal (F:\elu\frontend\node_modules\jest-runner\build\runTest.js:367:16)
            at runTest (F:\elu\frontend\node_modules\jest-runner\build\runTest.js:444:34)
            at Object.worker (F:\elu\frontend\node_modules\jest-runner\build\testWorker.js:106:12),
        type: 'unhandled exception'
      }

    [0m [90m 10 |[39m
     [90m 11 |[39m   it([32m'navigates through steps'[39m[33m,[39m () [33m=>[39m {
    [31m[1m>[22m[39m[90m 12 |[39m     render([33m<[39m[33mElectionLifecycle[39m 
[33m/[39m[33m>[39m)[33m;[39m
     [90m    |[39m           [31m[1m^[22m[39m
     [90m 13 |[39m     [36mconst[39m nextBtn [33m=[39m screen[33m.[39mgetByText([35m/Next 
Step/i[39m)[33m;[39m
     [90m 14 |[39m     
     [90m 15 |[39m     [90m// Initial step[39m[0m

      at VirtualConsole.<anonymous> (node_modules/jest-environment-jsdom/build/index.js:63:23)
      at reportException (node_modules/jsdom/lib/jsdom/living/helpers/runtime-script-errors.js:70:28)
      at innerInvokeEventListeners (node_modules/jsdom/lib/jsdom/living/events/EventTarget-impl.js:353:9)
      at invokeEventListeners (node_modules/jsdom/lib/jsdom/living/events/EventTarget-impl.js:286:3)
      at HTMLUnknownElementImpl._dispatch (node_modules/jsdom/lib/jsdom/living/events/EventTarget-impl.js:233:9)
      at HTMLUnknownElementImpl.dispatchEvent (node_modules/jsdom/lib/jsdom/living/events/EventTarget-impl.js:104:17)
      at HTMLUnknownElement.dispatchEvent (node_modules/jsdom/lib/jsdom/living/generated/EventTarget.js:241:34)
      at Object.invokeGuardedCallbackDev (node_modules/react-dom/cjs/react-dom.development.js:4213:16)
      at invokeGuardedCallback (node_modules/react-dom/cjs/react-dom.development.js:4277:31)
      at beginWork$1 (node_modules/react-dom/cjs/react-dom.development.js:27490:7)
      at performUnitOfWork (node_modules/react-dom/cjs/react-dom.development.js:26599:12)
      at workLoopSync (node_modules/react-dom/cjs/react-dom.development.js:26505:5)
      at renderRootSync (node_modules/react-dom/cjs/react-dom.development.js:26473:7)
      at recoverFromConcurrentError (node_modules/react-dom/cjs/react-dom.development.js:25889:20)
      at performConcurrentWorkOnRoot (node_modules/react-dom/cjs/react-dom.development.js:25789:22)
      at flushActQueue (node_modules/react/cjs/react.development.js:2667:24)
      at act (node_modules/react/cjs/react.development.js:2582:11)
      at node_modules/@testing-library/react/dist/act-compat.js:47:25
      at renderRoot (node_modules/@testing-library/react/dist/pure.js:180:26)
      at render (node_modules/@testing-library/react/dist/pure.js:271:10)
      at Object.<anonymous> (src/components/__tests__/ElectionLifecycle.test.tsx:12:11)

    console.error
      The above error occurred in the <ElectionLifecycle> component:
      
          at ElectionLifecycle (F:\elu\frontend\src\components\ElectionLifecycle.tsx:81:47)
      
      Consider adding an error boundary to your tree to customize error handling behavior.
      Visit https://reactjs.org/link/error-boundaries to learn more about error boundaries.

    [0m [90m 10 |[39m
     [90m 11 |[39m   it([32m'navigates through steps'[39m[33m,[39m () [33m=>[39m {
    [31m[1m>[22m[39m[90m 12 |[39m     render([33m<[39m[33mElectionLifecycle[39m 
[33m/[39m[33m>[39m)[33m;[39m
     [90m    |[39m           [31m[1m^[22m[39m
     [90m 13 |[39m     [36mconst[39m nextBtn [33m=[39m screen[33m.[39mgetByText([35m/Next 
Step/i[39m)[33m;[39m
     [90m 14 |[39m     
     [90m 15 |[39m     [90m// Initial step[39m[0m

      at logCapturedError (node_modules/react-dom/cjs/react-dom.development.js:18704:23)
      at update.callback (node_modules/react-dom/cjs/react-dom.development.js:18737:5)
      at callCallback (node_modules/react-dom/cjs/react-dom.development.js:15036:12)
      at commitUpdateQueue (node_modules/react-dom/cjs/react-dom.development.js:15057:9)
      at commitLayoutEffectOnFiber (node_modules/react-dom/cjs/react-dom.development.js:23430:13)
      at commitLayoutMountEffects_complete (node_modules/react-dom/cjs/react-dom.development.js:24727:9)
      at commitLayoutEffects_begin (node_modules/react-dom/cjs/react-dom.development.js:24713:7)
      at commitLayoutEffects (node_modules/react-dom/cjs/react-dom.development.js:24651:3)
      at commitRootImpl (node_modules/react-dom/cjs/react-dom.development.js:26862:5)
      at commitRoot (node_modules/react-dom/cjs/react-dom.development.js:26721:5)
      at finishConcurrentRender (node_modules/react-dom/cjs/react-dom.development.js:25931:9)
      at performConcurrentWorkOnRoot (node_modules/react-dom/cjs/react-dom.development.js:25848:7)
      at flushActQueue (node_modules/react/cjs/react.development.js:2667:24)
      at act (node_modules/react/cjs/react.development.js:2582:11)
      at node_modules/@testing-library/react/dist/act-compat.js:47:25
      at renderRoot (node_modules/@testing-library/react/dist/pure.js:180:26)
      at render (node_modules/@testing-library/react/dist/pure.js:271:10)
      at Object.<anonymous> (src/components/__tests__/ElectionLifecycle.test.tsx:12:11)

    console.error
      Error: Uncaught [TypeError: Cannot read properties of undefined (reading 'createElement')]
          at reportException 
(F:\elu\frontend\node_modules\jsdom\lib\jsdom\living\helpers\runtime-script-errors.js:66:24)
          at innerInvokeEventListeners 
(F:\elu\frontend\node_modules\jsdom\lib\jsdom\living\events\EventTarget-impl.js:353:9)
          at invokeEventListeners 
(F:\elu\frontend\node_modules\jsdom\lib\jsdom\living\events\EventTarget-impl.js:286:3)
          at HTMLUnknownElementImpl._dispatch 
(F:\elu\frontend\node_modules\jsdom\lib\jsdom\living\events\EventTarget-impl.js:233:9)
          at HTMLUnknownElementImpl.dispatchEvent 
(F:\elu\frontend\node_modules\jsdom\lib\jsdom\living\events\EventTarget-impl.js:104:17)
          at HTMLUnknownElement.dispatchEvent 
(F:\elu\frontend\node_modules\jsdom\lib\jsdom\living\generated\EventTarget.js:241:34)
          at Object.invokeGuardedCallbackDev 
(F:\elu\frontend\node_modules\react-dom\cjs\react-dom.development.js:4213:16)
          at invokeGuardedCallback (F:\elu\frontend\node_modules\react-dom\cjs\react-dom.development.js:4277:31)
          at beginWork$1 (F:\elu\frontend\node_modules\react-dom\cjs\react-dom.development.js:27490:7)
          at performUnitOfWork (F:\elu\frontend\node_modules\react-dom\cjs\react-dom.development.js:26599:12)
          at workLoopSync (F:\elu\frontend\node_modules\react-dom\cjs\react-dom.development.js:26505:5)
          at renderRootSync (F:\elu\frontend\node_modules\react-dom\cjs\react-dom.development.js:26473:7)
          at performConcurrentWorkOnRoot (F:\elu\frontend\node_modules\react-dom\cjs\react-dom.development.js:25777:74)
          at flushActQueue (F:\elu\frontend\node_modules\react\cjs\react.development.js:2667:24)
          at act (F:\elu\frontend\node_modules\react\cjs\react.development.js:2582:11)
          at F:\elu\frontend\node_modules\@testing-library\react\dist\act-compat.js:47:25
          at renderRoot (F:\elu\frontend\node_modules\@testing-library\react\dist\pure.js:180:26)
          at render (F:\elu\frontend\node_modules\@testing-library\react\dist\pure.js:271:10)
          at Object.<anonymous> (F:\elu\frontend\src\components\__tests__\ElectionLifecycle.test.tsx:29:11)
          at Promise.then.completed (F:\elu\frontend\node_modules\jest-circus\build\utils.js:298:28)
          at new Promise (<anonymous>)
          at callAsyncCircusFn (F:\elu\frontend\node_modules\jest-circus\build\utils.js:231:10)
          at _callCircusTest (F:\elu\frontend\node_modules\jest-circus\build\run.js:316:40)
          at processTicksAndRejections (node:internal/process/task_queues:103:5)
          at _runTest (F:\elu\frontend\node_modules\jest-circus\build\run.js:252:3)
          at _runTestsForDescribeBlock (F:\elu\frontend\node_modules\jest-circus\build\run.js:126:9)
          at _runTestsForDescribeBlock (F:\elu\frontend\node_modules\jest-circus\build\run.js:121:9)
          at run (F:\elu\frontend\node_modules\jest-circus\build\run.js:71:3)
          at runAndTransformResultsToJestFormat 
(F:\elu\frontend\node_modules\jest-circus\build\legacy-code-todo-rewrite\jestAdapterInit.js:122:21)
          at jestAdapter (F:\elu\frontend\node_modules\jest-circus\build\legacy-code-todo-rewrite\jestAdapter.js:79:19)
          at runTestInternal (F:\elu\frontend\node_modules\jest-runner\build\runTest.js:367:16)
          at runTest (F:\elu\frontend\node_modules\jest-runner\build\runTest.js:444:34)
          at Object.worker (F:\elu\frontend\node_modules\jest-runner\build\testWorker.js:106:12) {
        detail: TypeError: Cannot read properties of undefined (reading 'createElement')
            at ElectionLifecycle (F:\elu\frontend\src\components\ElectionLifecycle.tsx:131:26)
            at renderWithHooks (F:\elu\frontend\node_modules\react-dom\cjs\react-dom.development.js:15486:18)
            at mountIndeterminateComponent 
(F:\elu\frontend\node_modules\react-dom\cjs\react-dom.development.js:20103:13)
            at beginWork (F:\elu\frontend\node_modules\react-dom\cjs\react-dom.development.js:21626:16)
            at HTMLUnknownElement.callCallback 
(F:\elu\frontend\node_modules\react-dom\cjs\react-dom.development.js:4164:14)
            at HTMLUnknownElement.callTheUserObjectsOperation 
(F:\elu\frontend\node_modules\jsdom\lib\jsdom\living\generated\EventListener.js:26:30)
            at innerInvokeEventListeners 
(F:\elu\frontend\node_modules\jsdom\lib\jsdom\living\events\EventTarget-impl.js:350:25)
            at invokeEventListeners 
(F:\elu\frontend\node_modules\jsdom\lib\jsdom\living\events\EventTarget-impl.js:286:3)
            at HTMLUnknownElementImpl._dispatch 
(F:\elu\frontend\node_modules\jsdom\lib\jsdom\living\events\EventTarget-impl.js:233:9)
            at HTMLUnknownElementImpl.dispatchEvent 
(F:\elu\frontend\node_modules\jsdom\lib\jsdom\living\events\EventTarget-impl.js:104:17)
            at HTMLUnknownElement.dispatchEvent 
(F:\elu\frontend\node_modules\jsdom\lib\jsdom\living\generated\EventTarget.js:241:34)
            at Object.invokeGuardedCallbackDev 
(F:\elu\frontend\node_modules\react-dom\cjs\react-dom.development.js:4213:16)
            at invokeGuardedCallback (F:\elu\frontend\node_modules\react-dom\cjs\react-dom.development.js:4277:31)
            at beginWork$1 (F:\elu\frontend\node_modules\react-dom\cjs\react-dom.development.js:27490:7)
            at performUnitOfWork (F:\elu\frontend\node_modules\react-dom\cjs\react-dom.development.js:26599:12)
            at workLoopSync (F:\elu\frontend\node_modules\react-dom\cjs\react-dom.development.js:26505:5)
            at renderRootSync (F:\elu\frontend\node_modules\react-dom\cjs\react-dom.development.js:26473:7)
            at performConcurrentWorkOnRoot 
(F:\elu\frontend\node_modules\react-dom\cjs\react-dom.development.js:25777:74)
            at flushActQueue (F:\elu\frontend\node_modules\react\cjs\react.development.js:2667:24)
            at act (F:\elu\frontend\node_modules\react\cjs\react.development.js:2582:11)
            at F:\elu\frontend\node_modules\@testing-library\react\dist\act-compat.js:47:25
            at renderRoot (F:\elu\frontend\node_modules\@testing-library\react\dist\pure.js:180:26)
            at render (F:\elu\frontend\node_modules\@testing-library\react\dist\pure.js:271:10)
            at Object.<anonymous> (F:\elu\frontend\src\components\__tests__\ElectionLifecycle.test.tsx:29:11)
            at Promise.then.completed (F:\elu\frontend\node_modules\jest-circus\build\utils.js:298:28)
            at new Promise (<anonymous>)
            at callAsyncCircusFn (F:\elu\frontend\node_modules\jest-circus\build\utils.js:231:10)
            at _callCircusTest (F:\elu\frontend\node_modules\jest-circus\build\run.js:316:40)
            at processTicksAndRejections (node:internal/process/task_queues:103:5)
            at _runTest (F:\elu\frontend\node_modules\jest-circus\build\run.js:252:3)
            at _runTestsForDescribeBlock (F:\elu\frontend\node_modules\jest-circus\build\run.js:126:9)
            at _runTestsForDescribeBlock (F:\elu\frontend\node_modules\jest-circus\build\run.js:121:9)
            at run (F:\elu\frontend\node_modules\jest-circus\build\run.js:71:3)
            at runAndTransformResultsToJestFormat 
(F:\elu\frontend\node_modules\jest-circus\build\legacy-code-todo-rewrite\jestAdapterInit.js:122:21)
            at jestAdapter 
(F:\elu\frontend\node_modules\jest-circus\build\legacy-code-todo-rewrite\jestAdapter.js:79:19)
            at runTestInternal (F:\elu\frontend\node_modules\jest-runner\build\runTest.js:367:16)
            at runTest (F:\elu\frontend\node_modules\jest-runner\build\runTest.js:444:34)
            at Object.worker (F:\elu\frontend\node_modules\jest-runner\build\testWorker.js:106:12),
        type: 'unhandled exception'
      }

    [0m [90m 27 |[39m
     [90m 28 |[39m   it([32m'jumps to a step via sidebar'[39m[33m,[39m () [33m=>[39m {
    [31m[1m>[22m[39m[90m 29 |[39m     render([33m<[39m[33mElectionLifecycle[39m 
[33m/[39m[33m>[39m)[33m;[39m
     [90m    |[39m           [31m[1m^[22m[39m
     [90m 30 |[39m     [36mconst[39m pollingStep [33m=[39m screen[33m.[39mgetByText([35m/Polling 
Day/i[39m)[33m;[39m
     [90m 31 |[39m     fireEvent[33m.[39mclick(pollingStep)[33m;[39m
     [90m 32 |[39m     expect(screen[33m.[39mgetAllByText([35m/Polling 
Day/i[39m)[33m.[39mlength)[33m.[39mtoBeGreaterThan([35m1[39m)[33m;[39m [90m// Header and content[39m[0m

      at VirtualConsole.<anonymous> (node_modules/jest-environment-jsdom/build/index.js:63:23)
      at reportException (node_modules/jsdom/lib/jsdom/living/helpers/runtime-script-errors.js:70:28)
      at innerInvokeEventListeners (node_modules/jsdom/lib/jsdom/living/events/EventTarget-impl.js:353:9)
      at invokeEventListeners (node_modules/jsdom/lib/jsdom/living/events/EventTarget-impl.js:286:3)
      at HTMLUnknownElementImpl._dispatch (node_modules/jsdom/lib/jsdom/living/events/EventTarget-impl.js:233:9)
      at HTMLUnknownElementImpl.dispatchEvent (node_modules/jsdom/lib/jsdom/living/events/EventTarget-impl.js:104:17)
      at HTMLUnknownElement.dispatchEvent (node_modules/jsdom/lib/jsdom/living/generated/EventTarget.js:241:34)
      at Object.invokeGuardedCallbackDev (node_modules/react-dom/cjs/react-dom.development.js:4213:16)
      at invokeGuardedCallback (node_modules/react-dom/cjs/react-dom.development.js:4277:31)
      at beginWork$1 (node_modules/react-dom/cjs/react-dom.development.js:27490:7)
      at performUnitOfWork (node_modules/react-dom/cjs/react-dom.development.js:26599:12)
      at workLoopSync (node_modules/react-dom/cjs/react-dom.development.js:26505:5)
      at renderRootSync (node_modules/react-dom/cjs/react-dom.development.js:26473:7)
      at performConcurrentWorkOnRoot (node_modules/react-dom/cjs/react-dom.development.js:25777:74)
      at flushActQueue (node_modules/react/cjs/react.development.js:2667:24)
      at act (node_modules/react/cjs/react.development.js:2582:11)
      at node_modules/@testing-library/react/dist/act-compat.js:47:25
      at renderRoot (node_modules/@testing-library/react/dist/pure.js:180:26)
      at render (node_modules/@testing-library/react/dist/pure.js:271:10)
      at Object.<anonymous> (src/components/__tests__/ElectionLifecycle.test.tsx:29:11)

    console.error
      Error: Uncaught [TypeError: Cannot read properties of undefined (reading 'createElement')]
          at reportException 
(F:\elu\frontend\node_modules\jsdom\lib\jsdom\living\helpers\runtime-script-errors.js:66:24)
          at innerInvokeEventListeners 
(F:\elu\frontend\node_modules\jsdom\lib\jsdom\living\events\EventTarget-impl.js:353:9)
          at invokeEventListeners 
(F:\elu\frontend\node_modules\jsdom\lib\jsdom\living\events\EventTarget-impl.js:286:3)
          at HTMLUnknownElementImpl._dispatch 
(F:\elu\frontend\node_modules\jsdom\lib\jsdom\living\events\EventTarget-impl.js:233:9)
          at HTMLUnknownElementImpl.dispatchEvent 
(F:\elu\frontend\node_modules\jsdom\lib\jsdom\living\events\EventTarget-impl.js:104:17)
          at HTMLUnknownElement.dispatchEvent 
(F:\elu\frontend\node_modules\jsdom\lib\jsdom\living\generated\EventTarget.js:241:34)
          at Object.invokeGuardedCallbackDev 
(F:\elu\frontend\node_modules\react-dom\cjs\react-dom.development.js:4213:16)
          at invokeGuardedCallback (F:\elu\frontend\node_modules\react-dom\cjs\react-dom.development.js:4277:31)
          at beginWork$1 (F:\elu\frontend\node_modules\react-dom\cjs\react-dom.development.js:27490:7)
          at performUnitOfWork (F:\elu\frontend\node_modules\react-dom\cjs\react-dom.development.js:26599:12)
          at workLoopSync (F:\elu\frontend\node_modules\react-dom\cjs\react-dom.development.js:26505:5)
          at renderRootSync (F:\elu\frontend\node_modules\react-dom\cjs\react-dom.development.js:26473:7)
          at recoverFromConcurrentError (F:\elu\frontend\node_modules\react-dom\cjs\react-dom.development.js:25889:20)
          at performConcurrentWorkOnRoot (F:\elu\frontend\node_modules\react-dom\cjs\react-dom.development.js:25789:22)
          at flushActQueue (F:\elu\frontend\node_modules\react\cjs\react.development.js:2667:24)
          at act (F:\elu\frontend\node_modules\react\cjs\react.development.js:2582:11)
          at F:\elu\frontend\node_modules\@testing-library\react\dist\act-compat.js:47:25
          at renderRoot (F:\elu\frontend\node_modules\@testing-library\react\dist\pure.js:180:26)
          at render (F:\elu\frontend\node_modules\@testing-library\react\dist\pure.js:271:10)
          at Object.<anonymous> (F:\elu\frontend\src\components\__tests__\ElectionLifecycle.test.tsx:29:11)
          at Promise.then.completed (F:\elu\frontend\node_modules\jest-circus\build\utils.js:298:28)
          at new Promise (<anonymous>)
          at callAsyncCircusFn (F:\elu\frontend\node_modules\jest-circus\build\utils.js:231:10)
          at _callCircusTest (F:\elu\frontend\node_modules\jest-circus\build\run.js:316:40)
          at processTicksAndRejections (node:internal/process/task_queues:103:5)
          at _runTest (F:\elu\frontend\node_modules\jest-circus\build\run.js:252:3)
          at _runTestsForDescribeBlock (F:\elu\frontend\node_modules\jest-circus\build\run.js:126:9)
          at _runTestsForDescribeBlock (F:\elu\frontend\node_modules\jest-circus\build\run.js:121:9)
          at run (F:\elu\frontend\node_modules\jest-circus\build\run.js:71:3)
          at runAndTransformResultsToJestFormat 
(F:\elu\frontend\node_modules\jest-circus\build\legacy-code-todo-rewrite\jestAdapterInit.js:122:21)
          at jestAdapter (F:\elu\frontend\node_modules\jest-circus\build\legacy-code-todo-rewrite\jestAdapter.js:79:19)
          at runTestInternal (F:\elu\frontend\node_modules\jest-runner\build\runTest.js:367:16)
          at runTest (F:\elu\frontend\node_modules\jest-runner\build\runTest.js:444:34)
          at Object.worker (F:\elu\frontend\node_modules\jest-runner\build\testWorker.js:106:12) {
        detail: TypeError: Cannot read properties of undefined (reading 'createElement')
            at ElectionLifecycle (F:\elu\frontend\src\components\ElectionLifecycle.tsx:131:26)
            at renderWithHooks (F:\elu\frontend\node_modules\react-dom\cjs\react-dom.development.js:15486:18)
            at mountIndeterminateComponent 
(F:\elu\frontend\node_modules\react-dom\cjs\react-dom.development.js:20103:13)
            at beginWork (F:\elu\frontend\node_modules\react-dom\cjs\react-dom.development.js:21626:16)
            at HTMLUnknownElement.callCallback 
(F:\elu\frontend\node_modules\react-dom\cjs\react-dom.development.js:4164:14)
            at HTMLUnknownElement.callTheUserObjectsOperation 
(F:\elu\frontend\node_modules\jsdom\lib\jsdom\living\generated\EventListener.js:26:30)
            at innerInvokeEventListeners 
(F:\elu\frontend\node_modules\jsdom\lib\jsdom\living\events\EventTarget-impl.js:350:25)
            at invokeEventListeners 
(F:\elu\frontend\node_modules\jsdom\lib\jsdom\living\events\EventTarget-impl.js:286:3)
            at HTMLUnknownElementImpl._dispatch 
(F:\elu\frontend\node_modules\jsdom\lib\jsdom\living\events\EventTarget-impl.js:233:9)
            at HTMLUnknownElementImpl.dispatchEvent 
(F:\elu\frontend\node_modules\jsdom\lib\jsdom\living\events\EventTarget-impl.js:104:17)
            at HTMLUnknownElement.dispatchEvent 
(F:\elu\frontend\node_modules\jsdom\lib\jsdom\living\generated\EventTarget.js:241:34)
            at Object.invokeGuardedCallbackDev 
(F:\elu\frontend\node_modules\react-dom\cjs\react-dom.development.js:4213:16)
            at invokeGuardedCallback (F:\elu\frontend\node_modules\react-dom\cjs\react-dom.development.js:4277:31)
            at beginWork$1 (F:\elu\frontend\node_modules\react-dom\cjs\react-dom.development.js:27490:7)
            at performUnitOfWork (F:\elu\frontend\node_modules\react-dom\cjs\react-dom.development.js:26599:12)
            at workLoopSync (F:\elu\frontend\node_modules\react-dom\cjs\react-dom.development.js:26505:5)
            at renderRootSync (F:\elu\frontend\node_modules\react-dom\cjs\react-dom.development.js:26473:7)
            at recoverFromConcurrentError 
(F:\elu\frontend\node_modules\react-dom\cjs\react-dom.development.js:25889:20)
            at performConcurrentWorkOnRoot 
(F:\elu\frontend\node_modules\react-dom\cjs\react-dom.development.js:25789:22)
            at flushActQueue (F:\elu\frontend\node_modules\react\cjs\react.development.js:2667:24)
            at act (F:\elu\frontend\node_modules\react\cjs\react.development.js:2582:11)
            at F:\elu\frontend\node_modules\@testing-library\react\dist\act-compat.js:47:25
            at renderRoot (F:\elu\frontend\node_modules\@testing-library\react\dist\pure.js:180:26)
            at render (F:\elu\frontend\node_modules\@testing-library\react\dist\pure.js:271:10)
            at Object.<anonymous> (F:\elu\frontend\src\components\__tests__\ElectionLifecycle.test.tsx:29:11)
            at Promise.then.completed (F:\elu\frontend\node_modules\jest-circus\build\utils.js:298:28)
            at new Promise (<anonymous>)
            at callAsyncCircusFn (F:\elu\frontend\node_modules\jest-circus\build\utils.js:231:10)
            at _callCircusTest (F:\elu\frontend\node_modules\jest-circus\build\run.js:316:40)
            at processTicksAndRejections (node:internal/process/task_queues:103:5)
            at _runTest (F:\elu\frontend\node_modules\jest-circus\build\run.js:252:3)
            at _runTestsForDescribeBlock (F:\elu\frontend\node_modules\jest-circus\build\run.js:126:9)
            at _runTestsForDescribeBlock (F:\elu\frontend\node_modules\jest-circus\build\run.js:121:9)
            at run (F:\elu\frontend\node_modules\jest-circus\build\run.js:71:3)
            at runAndTransformResultsToJestFormat 
(F:\elu\frontend\node_modules\jest-circus\build\legacy-code-todo-rewrite\jestAdapterInit.js:122:21)
            at jestAdapter 
(F:\elu\frontend\node_modules\jest-circus\build\legacy-code-todo-rewrite\jestAdapter.js:79:19)
            at runTestInternal (F:\elu\frontend\node_modules\jest-runner\build\runTest.js:367:16)
            at runTest (F:\elu\frontend\node_modules\jest-runner\build\runTest.js:444:34)
            at Object.worker (F:\elu\frontend\node_modules\jest-runner\build\testWorker.js:106:12),
        type: 'unhandled exception'
      }

    [0m [90m 27 |[39m
     [90m 28 |[39m   it([32m'jumps to a step via sidebar'[39m[33m,[39m () [33m=>[39m {
    [31m[1m>[22m[39m[90m 29 |[39m     render([33m<[39m[33mElectionLifecycle[39m 
[33m/[39m[33m>[39m)[33m;[39m
     [90m    |[39m           [31m[1m^[22m[39m
     [90m 30 |[39m     [36mconst[39m pollingStep [33m=[39m screen[33m.[39mgetByText([35m/Polling 
Day/i[39m)[33m;[39m
     [90m 31 |[39m     fireEvent[33m.[39mclick(pollingStep)[33m;[39m
     [90m 32 |[39m     expect(screen[33m.[39mgetAllByText([35m/Polling 
Day/i[39m)[33m.[39mlength)[33m.[39mtoBeGreaterThan([35m1[39m)[33m;[39m [90m// Header and content[39m[0m

      at VirtualConsole.<anonymous> (node_modules/jest-environment-jsdom/build/index.js:63:23)
      at reportException (node_modules/jsdom/lib/jsdom/living/helpers/runtime-script-errors.js:70:28)
      at innerInvokeEventListeners (node_modules/jsdom/lib/jsdom/living/events/EventTarget-impl.js:353:9)
      at invokeEventListeners (node_modules/jsdom/lib/jsdom/living/events/EventTarget-impl.js:286:3)
      at HTMLUnknownElementImpl._dispatch (node_modules/jsdom/lib/jsdom/living/events/EventTarget-impl.js:233:9)
      at HTMLUnknownElementImpl.dispatchEvent (node_modules/jsdom/lib/jsdom/living/events/EventTarget-impl.js:104:17)
      at HTMLUnknownElement.dispatchEvent (node_modules/jsdom/lib/jsdom/living/generated/EventTarget.js:241:34)
      at Object.invokeGuardedCallbackDev (node_modules/react-dom/cjs/react-dom.development.js:4213:16)
      at invokeGuardedCallback (node_modules/react-dom/cjs/react-dom.development.js:4277:31)
      at beginWork$1 (node_modules/react-dom/cjs/react-dom.development.js:27490:7)
      at performUnitOfWork (node_modules/react-dom/cjs/react-dom.development.js:26599:12)
      at workLoopSync (node_modules/react-dom/cjs/react-dom.development.js:26505:5)
      at renderRootSync (node_modules/react-dom/cjs/react-dom.development.js:26473:7)
      at recoverFromConcurrentError (node_modules/react-dom/cjs/react-dom.development.js:25889:20)
      at performConcurrentWorkOnRoot (node_modules/react-dom/cjs/react-dom.development.js:25789:22)
      at flushActQueue (node_modules/react/cjs/react.development.js:2667:24)
      at act (node_modules/react/cjs/react.development.js:2582:11)
      at node_modules/@testing-library/react/dist/act-compat.js:47:25
      at renderRoot (node_modules/@testing-library/react/dist/pure.js:180:26)
      at render (node_modules/@testing-library/react/dist/pure.js:271:10)
      at Object.<anonymous> (src/components/__tests__/ElectionLifecycle.test.tsx:29:11)

    console.error
      The above error occurred in the <ElectionLifecycle> component:
      
          at ElectionLifecycle (F:\elu\frontend\src\components\ElectionLifecycle.tsx:81:47)
      
      Consider adding an error boundary to your tree to customize error handling behavior.
      Visit https://reactjs.org/link/error-boundaries to learn more about error boundaries.

    [0m [90m 27 |[39m
     [90m 28 |[39m   it([32m'jumps to a step via sidebar'[39m[33m,[39m () [33m=>[39m {
    [31m[1m>[22m[39m[90m 29 |[39m     render([33m<[39m[33mElectionLifecycle[39m 
[33m/[39m[33m>[39m)[33m;[39m
     [90m    |[39m           [31m[1m^[22m[39m
     [90m 30 |[39m     [36mconst[39m pollingStep [33m=[39m screen[33m.[39mgetByText([35m/Polling 
Day/i[39m)[33m;[39m
     [90m 31 |[39m     fireEvent[33m.[39mclick(pollingStep)[33m;[39m
     [90m 32 |[39m     expect(screen[33m.[39mgetAllByText([35m/Polling 
Day/i[39m)[33m.[39mlength)[33m.[39mtoBeGreaterThan([35m1[39m)[33m;[39m [90m// Header and content[39m[0m

      at logCapturedError (node_modules/react-dom/cjs/react-dom.development.js:18704:23)
      at update.callback (node_modules/react-dom/cjs/react-dom.development.js:18737:5)
      at callCallback (node_modules/react-dom/cjs/react-dom.development.js:15036:12)
      at commitUpdateQueue (node_modules/react-dom/cjs/react-dom.development.js:15057:9)
      at commitLayoutEffectOnFiber (node_modules/react-dom/cjs/react-dom.development.js:23430:13)
      at commitLayoutMountEffects_complete (node_modules/react-dom/cjs/react-dom.development.js:24727:9)
      at commitLayoutEffects_begin (node_modules/react-dom/cjs/react-dom.development.js:24713:7)
      at commitLayoutEffects (node_modules/react-dom/cjs/react-dom.development.js:24651:3)
      at commitRootImpl (node_modules/react-dom/cjs/react-dom.development.js:26862:5)
      at commitRoot (node_modules/react-dom/cjs/react-dom.development.js:26721:5)
      at finishConcurrentRender (node_modules/react-dom/cjs/react-dom.development.js:25931:9)
      at performConcurrentWorkOnRoot (node_modules/react-dom/cjs/react-dom.development.js:25848:7)
      at flushActQueue (node_modules/react/cjs/react.development.js:2667:24)
      at act (node_modules/react/cjs/react.development.js:2582:11)
      at node_modules/@testing-library/react/dist/act-compat.js:47:25
      at renderRoot (node_modules/@testing-library/react/dist/pure.js:180:26)
      at render (node_modules/@testing-library/react/dist/pure.js:271:10)
      at Object.<anonymous> (src/components/__tests__/ElectionLifecycle.test.tsx:29:11)

  ΓùÅ ElectionLifecycle Component ΓÇ║ renders correctly

    TypeError: Cannot read properties of undefined (reading 'createElement')

    [0m [90m 129 |[39m               [33m>[39m
     [90m 130 |[39m                 [33m<[39m[33mdiv[39m className[33m=[39m{[32m`inline-flex p-4 rounded-3xl 
${steps[activeStep].color} text-white mb-8 shadow-lg`[39m}[33m>[39m
    [31m[1m>[22m[39m[90m 131 |[39m                   
{[33mReact[39m[33m.[39mcreateElement(steps[activeStep][33m.[39micon[33m,[39m { className[33m:[39m [32m"h-12 
w-12"[39m })}
     [90m     |[39m                          [31m[1m^[22m[39m
     [90m 132 |[39m                 [33m<[39m[33m/[39m[33mdiv[39m[33m>[39m
     [90m 133 |[39m                 
     [90m 134 |[39m                 [33m<[39m[33mh3[39m className[33m=[39m[32m"text-4xl font-black 
text-slate-900 
mb-6"[39m[33m>[39m{steps[activeStep][33m.[39mtitle}[33m<[39m[33m/[39m[33mh3[39m[33m>[39m[0m

      at ElectionLifecycle (src/components/ElectionLifecycle.tsx:131:26)
      at renderWithHooks (node_modules/react-dom/cjs/react-dom.development.js:15486:18)
      at mountIndeterminateComponent (node_modules/react-dom/cjs/react-dom.development.js:20103:13)
      at beginWork (node_modules/react-dom/cjs/react-dom.development.js:21626:16)
      at beginWork$1 (node_modules/react-dom/cjs/react-dom.development.js:27465:14)
      at performUnitOfWork (node_modules/react-dom/cjs/react-dom.development.js:26599:12)
      at workLoopSync (node_modules/react-dom/cjs/react-dom.development.js:26505:5)
      at renderRootSync (node_modules/react-dom/cjs/react-dom.development.js:26473:7)
      at recoverFromConcurrentError (node_modules/react-dom/cjs/react-dom.development.js:25889:20)
      at performConcurrentWorkOnRoot (node_modules/react-dom/cjs/react-dom.development.js:25789:22)
      at flushActQueue (node_modules/react/cjs/react.development.js:2667:24)
      at act (node_modules/react/cjs/react.development.js:2582:11)
      at node_modules/@testing-library/react/dist/act-compat.js:47:25
      at renderRoot (node_modules/@testing-library/react/dist/pure.js:180:26)
      at render (node_modules/@testing-library/react/dist/pure.js:271:10)
      at Object.<anonymous> (src/components/__tests__/ElectionLifecycle.test.tsx:7:11)

  ΓùÅ ElectionLifecycle Component ΓÇ║ navigates through steps

    TypeError: Cannot read properties of undefined (reading 'createElement')

    [0m [90m 129 |[39m               [33m>[39m
     [90m 130 |[39m                 [33m<[39m[33mdiv[39m className[33m=[39m{[32m`inline-flex p-4 rounded-3xl 
${steps[activeStep].color} text-white mb-8 shadow-lg`[39m}[33m>[39m
    [31m[1m>[22m[39m[90m 131 |[39m                   
{[33mReact[39m[33m.[39mcreateElement(steps[activeStep][33m.[39micon[33m,[39m { className[33m:[39m [32m"h-12 
w-12"[39m })}
     [90m     |[39m                          [31m[1m^[22m[39m
     [90m 132 |[39m                 [33m<[39m[33m/[39m[33mdiv[39m[33m>[39m
     [90m 133 |[39m                 
     [90m 134 |[39m                 [33m<[39m[33mh3[39m className[33m=[39m[32m"text-4xl font-black 
text-slate-900 
mb-6"[39m[33m>[39m{steps[activeStep][33m.[39mtitle}[33m<[39m[33m/[39m[33mh3[39m[33m>[39m[0m

      at ElectionLifecycle (src/components/ElectionLifecycle.tsx:131:26)
      at renderWithHooks (node_modules/react-dom/cjs/react-dom.development.js:15486:18)
      at mountIndeterminateComponent (node_modules/react-dom/cjs/react-dom.development.js:20103:13)
      at beginWork (node_modules/react-dom/cjs/react-dom.development.js:21626:16)
      at beginWork$1 (node_modules/react-dom/cjs/react-dom.development.js:27465:14)
      at performUnitOfWork (node_modules/react-dom/cjs/react-dom.development.js:26599:12)
      at workLoopSync (node_modules/react-dom/cjs/react-dom.development.js:26505:5)
      at renderRootSync (node_modules/react-dom/cjs/react-dom.development.js:26473:7)
      at recoverFromConcurrentError (node_modules/react-dom/cjs/react-dom.development.js:25889:20)
      at performConcurrentWorkOnRoot (node_modules/react-dom/cjs/react-dom.development.js:25789:22)
      at flushActQueue (node_modules/react/cjs/react.development.js:2667:24)
      at act (node_modules/react/cjs/react.development.js:2582:11)
      at node_modules/@testing-library/react/dist/act-compat.js:47:25
      at renderRoot (node_modules/@testing-library/react/dist/pure.js:180:26)
      at render (node_modules/@testing-library/react/dist/pure.js:271:10)
      at Object.<anonymous> (src/components/__tests__/ElectionLifecycle.test.tsx:12:11)

  ΓùÅ ElectionLifecycle Component ΓÇ║ jumps to a step via sidebar

    TypeError: Cannot read properties of undefined (reading 'createElement')

    [0m [90m 129 |[39m               [33m>[39m
     [90m 130 |[39m                 [33m<[39m[33mdiv[39m className[33m=[39m{[32m`inline-flex p-4 rounded-3xl 
${steps[activeStep].color} text-white mb-8 shadow-lg`[39m}[33m>[39m
    [31m[1m>[22m[39m[90m 131 |[39m                   
{[33mReact[39m[33m.[39mcreateElement(steps[activeStep][33m.[39micon[33m,[39m { className[33m:[39m [32m"h-12 
w-12"[39m })}
     [90m     |[39m                          [31m[1m^[22m[39m
     [90m 132 |[39m                 [33m<[39m[33m/[39m[33mdiv[39m[33m>[39m
     [90m 133 |[39m                 
     [90m 134 |[39m                 [33m<[39m[33mh3[39m className[33m=[39m[32m"text-4xl font-black 
text-slate-900 
mb-6"[39m[33m>[39m{steps[activeStep][33m.[39mtitle}[33m<[39m[33m/[39m[33mh3[39m[33m>[39m[0m

      at ElectionLifecycle (src/components/ElectionLifecycle.tsx:131:26)
      at renderWithHooks (node_modules/react-dom/cjs/react-dom.development.js:15486:18)
      at mountIndeterminateComponent (node_modules/react-dom/cjs/react-dom.development.js:20103:13)
      at beginWork (node_modules/react-dom/cjs/react-dom.development.js:21626:16)
      at beginWork$1 (node_modules/react-dom/cjs/react-dom.development.js:27465:14)
      at performUnitOfWork (node_modules/react-dom/cjs/react-dom.development.js:26599:12)
      at workLoopSync (node_modules/react-dom/cjs/react-dom.development.js:26505:5)
      at renderRootSync (node_modules/react-dom/cjs/react-dom.development.js:26473:7)
      at recoverFromConcurrentError (node_modules/react-dom/cjs/react-dom.development.js:25889:20)
      at performConcurrentWorkOnRoot (node_modules/react-dom/cjs/react-dom.development.js:25789:22)
      at flushActQueue (node_modules/react/cjs/react.development.js:2667:24)
      at act (node_modules/react/cjs/react.development.js:2582:11)
      at node_modules/@testing-library/react/dist/act-compat.js:47:25
      at renderRoot (node_modules/@testing-library/react/dist/pure.js:180:26)
      at render (node_modules/@testing-library/react/dist/pure.js:271:10)
      at Object.<anonymous> (src/components/__tests__/ElectionLifecycle.test.tsx:29:11)

PASS src/components/__tests__/Assistant.test.tsx

Test Suites: 1 failed, 3 passed, 4 total
Tests:       3 failed, 12 passed, 15 total
Snapshots:   0 total
Time:        2.682 s
Ran all test suites.
