
> backend@1.0.0 test
> jest

node.exe : PASS src/services/__tests__/firestore.test.ts (15.138 s)
At line:1 char:1
+ & "C:\Program Files\nodejs/node.exe" "C:\Program Files\nodejs/node_mo ...
+ ~~~~~~~~~~~~~~~~~~~~~~~~~~~~~~~~~~~~~~~~~~~~~~~~~~~~~~~~~~~~~~~~~~~~~
    + CategoryInfo          : NotSpecified: (PASS src/servic...t.ts (15.138 s):String) [], RemoteException
    + FullyQualifiedErrorId : NativeCommandError
 
  ΓùÅ Console

    console.log
      Saved query with sentiment [Positive] to Firestore: undefined

      at saveUserQuery (src/services/firestore.ts:17:13)

    console.error
      Error saving to Firestore: Error: Firestore error
          at Object.<anonymous> (F:\elu\backend\src\services\__tests__\firestore.test.ts:32:79)
          at Promise.then.completed (F:\elu\backend\node_modules\jest-circus\build\utils.js:298:28)
          at new Promise (<anonymous>)
          at callAsyncCircusFn (F:\elu\backend\node_modules\jest-circus\build\utils.js:231:10)
          at _callCircusTest (F:\elu\backend\node_modules\jest-circus\build\run.js:316:40)
          at processTicksAndRejections (node:internal/process/task_queues:103:5)
          at _runTest (F:\elu\backend\node_modules\jest-circus\build\run.js:252:3)
          at _runTestsForDescribeBlock (F:\elu\backend\node_modules\jest-circus\build\run.js:126:9)
          at _runTestsForDescribeBlock (F:\elu\backend\node_modules\jest-circus\build\run.js:121:9)
          at run (F:\elu\backend\node_modules\jest-circus\build\run.js:71:3)
          at runAndTransformResultsToJestFormat 
(F:\elu\backend\node_modules\jest-circus\build\legacy-code-todo-rewrite\jestAdapterInit.js:122:21)
          at jestAdapter (F:\elu\backend\node_modules\jest-circus\build\legacy-code-todo-rewrite\jestAdapter.js:79:19)
          at runTestInternal (F:\elu\backend\node_modules\jest-runner\build\runTest.js:367:16)
          at runTest (F:\elu\backend\node_modules\jest-runner\build\runTest.js:444:34)
          at Object.worker (F:\elu\backend\node_modules\jest-runner\build\testWorker.js:106:12)

    [0m [90m 18 |[39m     [36mreturn[39m docRef[33m.[39mid[33m;[39m
     [90m 19 |[39m   } [36mcatch[39m (error) {
    [31m[1m>[22m[39m[90m 20 |[39m     console[33m.[39merror([32m'Error saving to Firestore:'[39m[33m,[39m 
error)[33m;[39m
     [90m    |[39m             [31m[1m^[22m[39m
     [90m 21 |[39m   }
     [90m 22 |[39m }[33m;[39m
     [90m 23 |[39m[0m

      at saveUserQuery (src/services/firestore.ts:20:13)
      at Object.<anonymous> (src/services/__tests__/firestore.test.ts:34:5)

PASS src/services/__tests__/pubsub.test.ts (15.196 s)
  ΓùÅ Console

    console.log
      Message mock-msg-id published to topic electroabhi

      at publishEvent (src/services/pubsub.ts:10:13)

    console.error
      Received error while publishing to Pub/Sub: Error: PubSub Error
          at Object.<anonymous> (F:\elu\backend\src\services\__tests__\pubsub.test.ts:25:58)
          at Promise.then.completed (F:\elu\backend\node_modules\jest-circus\build\utils.js:298:28)
          at new Promise (<anonymous>)
          at callAsyncCircusFn (F:\elu\backend\node_modules\jest-circus\build\utils.js:231:10)
          at _callCircusTest (F:\elu\backend\node_modules\jest-circus\build\run.js:316:40)
          at processTicksAndRejections (node:internal/process/task_queues:103:5)
          at _runTest (F:\elu\backend\node_modules\jest-circus\build\run.js:252:3)
          at _runTestsForDescribeBlock (F:\elu\backend\node_modules\jest-circus\build\run.js:126:9)
          at _runTestsForDescribeBlock (F:\elu\backend\node_modules\jest-circus\build\run.js:121:9)
          at run (F:\elu\backend\node_modules\jest-circus\build\run.js:71:3)
          at runAndTransformResultsToJestFormat 
(F:\elu\backend\node_modules\jest-circus\build\legacy-code-todo-rewrite\jestAdapterInit.js:122:21)
          at jestAdapter (F:\elu\backend\node_modules\jest-circus\build\legacy-code-todo-rewrite\jestAdapter.js:79:19)
          at runTestInternal (F:\elu\backend\node_modules\jest-runner\build\runTest.js:367:16)
          at runTest (F:\elu\backend\node_modules\jest-runner\build\runTest.js:444:34)
          at Object.worker (F:\elu\backend\node_modules\jest-runner\build\testWorker.js:106:12)

    [0m [90m 11 |[39m     [36mreturn[39m messageId[33m;[39m
     [90m 12 |[39m   } [36mcatch[39m (error) {
    [31m[1m>[22m[39m[90m 13 |[39m     console[33m.[39merror([32m`Received error while publishing to 
Pub/Sub:`[39m[33m,[39m error)[33m;[39m
     [90m    |[39m             [31m[1m^[22m[39m
     [90m 14 |[39m     [90m// Non-blocking error so the app doesn't crash if GCP credentials aren't set[39m
     [90m 15 |[39m   }
     [90m 16 |[39m }[33m;[39m[0m

      at publishEvent (src/services/pubsub.ts:13:13)
      at Object.<anonymous> (src/services/__tests__/pubsub.test.ts:27:20)

PASS src/services/__tests__/sentiment.test.ts (15.27 s)
  ΓùÅ Console

    console.log
      Text: I love voting!

      at analyzeSentiment (src/services/sentiment.ts:15:13)

    console.log
      Sentiment score: 0.8

      at analyzeSentiment (src/services/sentiment.ts:16:13)

    console.log
      Sentiment magnitude: 0.9

      at analyzeSentiment (src/services/sentiment.ts:17:13)

    console.log
      Text: I hate this process.

      at analyzeSentiment (src/services/sentiment.ts:15:13)

    console.log
      Sentiment score: -0.5

      at analyzeSentiment (src/services/sentiment.ts:16:13)

    console.log
      Sentiment magnitude: 0.6

      at analyzeSentiment (src/services/sentiment.ts:17:13)

    console.error
      Sentiment Analysis Error: Error: API Error
          at Object.<anonymous> (F:\elu\backend\src\services\__tests__\sentiment.test.ts:34:52)
          at Promise.then.completed (F:\elu\backend\node_modules\jest-circus\build\utils.js:298:28)
          at new Promise (<anonymous>)
          at callAsyncCircusFn (F:\elu\backend\node_modules\jest-circus\build\utils.js:231:10)
          at _callCircusTest (F:\elu\backend\node_modules\jest-circus\build\run.js:316:40)
          at processTicksAndRejections (node:internal/process/task_queues:103:5)
          at _runTest (F:\elu\backend\node_modules\jest-circus\build\run.js:252:3)
          at _runTestsForDescribeBlock (F:\elu\backend\node_modules\jest-circus\build\run.js:126:9)
          at _runTestsForDescribeBlock (F:\elu\backend\node_modules\jest-circus\build\run.js:121:9)
          at run (F:\elu\backend\node_modules\jest-circus\build\run.js:71:3)
          at runAndTransformResultsToJestFormat 
(F:\elu\backend\node_modules\jest-circus\build\legacy-code-todo-rewrite\jestAdapterInit.js:122:21)
          at jestAdapter (F:\elu\backend\node_modules\jest-circus\build\legacy-code-todo-rewrite\jestAdapter.js:79:19)
          at runTestInternal (F:\elu\backend\node_modules\jest-runner\build\runTest.js:367:16)
          at runTest (F:\elu\backend\node_modules\jest-runner\build\runTest.js:444:34)
          at Object.worker (F:\elu\backend\node_modules\jest-runner\build\testWorker.js:106:12)

    [0m [90m 23 |[39m     }[33m;[39m
     [90m 24 |[39m   } [36mcatch[39m (error) {
    [31m[1m>[22m[39m[90m 25 |[39m     console[33m.[39merror([32m'Sentiment Analysis Error:'[39m[33m,[39m 
error)[33m;[39m
     [90m    |[39m             [31m[1m^[22m[39m
     [90m 26 |[39m     [36mreturn[39m { score[33m:[39m [35m0[39m[33m,[39m magnitude[33m:[39m 
[35m0[39m[33m,[39m label[33m:[39m [32m'Neutral'[39m }[33m;[39m
     [90m 27 |[39m   }
     [90m 28 |[39m }[33m;[39m[0m

      at analyzeSentiment (src/services/sentiment.ts:25:13)
      at Object.<anonymous> (src/services/__tests__/sentiment.test.ts:36:20)

FAIL src/services/__tests__/storage.test.ts (15.314 s)
  ΓùÅ Console

    console.warn
      Cloud Storage failed, falling back to local storage: TypeError: blob.createWriteStream is not a function
          at uploadFile (F:\elu\backend\src\services\storage.ts:16:29)
          at Object.<anonymous> (F:\elu\backend\src\services\__tests__\storage.test.ts:18:36)
          at Promise.then.completed (F:\elu\backend\node_modules\jest-circus\build\utils.js:298:28)
          at new Promise (<anonymous>)
          at callAsyncCircusFn (F:\elu\backend\node_modules\jest-circus\build\utils.js:231:10)
          at _callCircusTest (F:\elu\backend\node_modules\jest-circus\build\run.js:316:40)
          at processTicksAndRejections (node:internal/process/task_queues:103:5)
          at _runTest (F:\elu\backend\node_modules\jest-circus\build\run.js:252:3)
          at _runTestsForDescribeBlock (F:\elu\backend\node_modules\jest-circus\build\run.js:126:9)
          at _runTestsForDescribeBlock (F:\elu\backend\node_modules\jest-circus\build\run.js:121:9)
          at run (F:\elu\backend\node_modules\jest-circus\build\run.js:71:3)
          at runAndTransformResultsToJestFormat 
(F:\elu\backend\node_modules\jest-circus\build\legacy-code-todo-rewrite\jestAdapterInit.js:122:21)
          at jestAdapter (F:\elu\backend\node_modules\jest-circus\build\legacy-code-todo-rewrite\jestAdapter.js:79:19)
          at runTestInternal (F:\elu\backend\node_modules\jest-runner\build\runTest.js:367:16)
          at runTest (F:\elu\backend\node_modules\jest-runner\build\runTest.js:444:34)
          at Object.worker (F:\elu\backend\node_modules\jest-runner\build\testWorker.js:106:12)

    [0m [90m 30 |[39m     [36mreturn[39m [36mawait[39m uploadPromise[33m;[39m
     [90m 31 |[39m   } [36mcatch[39m (error) {
    [31m[1m>[22m[39m[90m 32 |[39m     console[33m.[39mwarn([32m'Cloud Storage failed, falling back to local 
storage:'[39m[33m,[39m error)[33m;[39m
     [90m    |[39m             [31m[1m^[22m[39m
     [90m 33 |[39m     [90m// Local fallback for demo purposes[39m
     [90m 34 |[39m     [36mconst[39m uploadDir [33m=[39m path[33m.[39mjoin(process[33m.[39mcwd()[33m,[39m 
[32m'uploads'[39m)[33m;[39m
     [90m 35 |[39m     [36mif[39m ([33m![39mfs[33m.[39mexistsSync(uploadDir)) 
fs[33m.[39mmkdirSync(uploadDir)[33m;[39m[0m

      at uploadFile (src/services/storage.ts:32:13)
      at Object.<anonymous> (src/services/__tests__/storage.test.ts:18:36)

    console.warn
      Cloud Storage failed, falling back to local storage: TypeError: blob.createWriteStream is not a function
          at uploadFile (F:\elu\backend\src\services\storage.ts:16:29)
          at Object.<anonymous> (F:\elu\backend\src\services\__tests__\storage.test.ts:30:28)
          at Promise.then.completed (F:\elu\backend\node_modules\jest-circus\build\utils.js:298:28)
          at new Promise (<anonymous>)
          at callAsyncCircusFn (F:\elu\backend\node_modules\jest-circus\build\utils.js:231:10)
          at _callCircusTest (F:\elu\backend\node_modules\jest-circus\build\run.js:316:40)
          at processTicksAndRejections (node:internal/process/task_queues:103:5)
          at _runTest (F:\elu\backend\node_modules\jest-circus\build\run.js:252:3)
          at _runTestsForDescribeBlock (F:\elu\backend\node_modules\jest-circus\build\run.js:126:9)
          at _runTestsForDescribeBlock (F:\elu\backend\node_modules\jest-circus\build\run.js:121:9)
          at run (F:\elu\backend\node_modules\jest-circus\build\run.js:71:3)
          at runAndTransformResultsToJestFormat 
(F:\elu\backend\node_modules\jest-circus\build\legacy-code-todo-rewrite\jestAdapterInit.js:122:21)
          at jestAdapter (F:\elu\backend\node_modules\jest-circus\build\legacy-code-todo-rewrite\jestAdapter.js:79:19)
          at runTestInternal (F:\elu\backend\node_modules\jest-runner\build\runTest.js:367:16)
          at runTest (F:\elu\backend\node_modules\jest-runner\build\runTest.js:444:34)
          at Object.worker (F:\elu\backend\node_modules\jest-runner\build\testWorker.js:106:12)

    [0m [90m 30 |[39m     [36mreturn[39m [36mawait[39m uploadPromise[33m;[39m
     [90m 31 |[39m   } [36mcatch[39m (error) {
    [31m[1m>[22m[39m[90m 32 |[39m     console[33m.[39mwarn([32m'Cloud Storage failed, falling back to local 
storage:'[39m[33m,[39m error)[33m;[39m
     [90m    |[39m             [31m[1m^[22m[39m
     [90m 33 |[39m     [90m// Local fallback for demo purposes[39m
     [90m 34 |[39m     [36mconst[39m uploadDir [33m=[39m path[33m.[39mjoin(process[33m.[39mcwd()[33m,[39m 
[32m'uploads'[39m)[33m;[39m
     [90m 35 |[39m     [36mif[39m ([33m![39mfs[33m.[39mexistsSync(uploadDir)) 
fs[33m.[39mmkdirSync(uploadDir)[33m;[39m[0m

      at uploadFile (src/services/storage.ts:32:13)
      at Object.<anonymous> (src/services/__tests__/storage.test.ts:30:28)

  ΓùÅ Storage Service ΓÇ║ should upload a file and return public URL

    expect(received).toBe(expected) // Object.is equality

    Expected: "https://storage.googleapis.com/mock-bucket/test.png"
    Received: "http://localhost:8082/uploads/2e5896f4-0e90-4a59-91bf-e368456b7033.png"

    [0m [90m 18 |[39m     [36mconst[39m result [33m=[39m [36mawait[39m uploadFile(buffer[33m,[39m 
[32m'test.png'[39m[33m,[39m [32m'image/png'[39m)[33m;[39m
     [90m 19 |[39m     
    [31m[1m>[22m[39m[90m 20 |[39m     
expect(result)[33m.[39mtoBe([32m'https://storage.googleapis.com/mock-bucket/test.png'[39m)[33m;[39m
     [90m    |[39m                    [31m[1m^[22m[39m
     [90m 21 |[39m     [36mconst[39m mStorage [33m=[39m [36mnew[39m ([33mStorage[39m [36mas[39m unknown 
[36mas[39m jest[33m.[39m[33mMock[39m[33m<[39m[33many[39m[33m>[39m)()[33m;[39m
     [90m 22 |[39m     expect(mStorage[33m.[39mbucket)[33m.[39mtoHaveBeenCalled()[33m;[39m
     [90m 23 |[39m     expect(mStorage[33m.[39mbucket()[33m.[39mfile)[33m.[39mtoHaveBeenCalled()[33m;[39m[0m

      at Object.<anonymous> (src/services/__tests__/storage.test.ts:20:20)

  ΓùÅ Storage Service ΓÇ║ should throw an error if upload fails

    expect(received).rejects.toThrow()

    Received promise resolved instead of rejected
    Resolved to value: "http://localhost:8082/uploads/c39e46f6-0c18-46d7-88bd-d3a18ba483c1.png"

    [0m [90m 28 |[39m     
mStorage[33m.[39mbucket()[33m.[39mfile()[33m.[39msave[33m.[39mmockRejectedValueOnce([36mnew[39m 
[33mError[39m([32m'Storage Error'[39m))[33m;[39m
     [90m 29 |[39m     
    [31m[1m>[22m[39m[90m 30 |[39m     [36mawait[39m 
expect(uploadFile([33mBuffer[39m[33m.[39m[36mfrom[39m([32m'data'[39m)[33m,[39m 
[32m'test.png'[39m[33m,[39m [32m'image/png'[39m))
     [90m    |[39m           [31m[1m^[22m[39m
     [90m 31 |[39m       [33m.[39mrejects
     [90m 32 |[39m       [33m.[39mtoThrow([32m'Failed to upload file'[39m)[33m;[39m
     [90m 33 |[39m   })[33m;[39m[0m

      at expect (node_modules/expect/build/index.js:113:15)
      at Object.<anonymous> (src/services/__tests__/storage.test.ts:30:11)

PASS src/services/__tests__/vertex.test.ts (15.322 s)
  ΓùÅ Console

    console.log
      --- AI Pipeline Start ---

      at getGeminiResponse (src/services/vertex.ts:17:11)

    console.log
      User Sentiment: Neutral (0)

      at getGeminiResponse (src/services/vertex.ts:21:11)

    console.log
      Tier 1: Calling Gemini Pro...

      at getGeminiResponse (src/services/vertex.ts:25:13)

    console.log
      Tier 1 Success: Gemini responded.

      at getGeminiResponse (src/services/vertex.ts:44:15)

    console.log
      --- AI Pipeline Start ---

      at getGeminiResponse (src/services/vertex.ts:17:11)

    console.log
      User Sentiment: Neutral (0)

      at getGeminiResponse (src/services/vertex.ts:21:11)

    console.log
      Tier 1: Calling Gemini Pro...

      at getGeminiResponse (src/services/vertex.ts:25:13)

    console.warn
      Tier 1 Failed. Falling back to Tier 2...

    [0m [90m 48 |[39m
     [90m 49 |[39m   } [36mcatch[39m (error) {
    [31m[1m>[22m[39m[90m 50 |[39m     console[33m.[39mwarn([32m'Tier 1 Failed. Falling back to Tier 
2...'[39m)[33m;[39m
     [90m    |[39m             [31m[1m^[22m[39m
     [90m 51 |[39m     
     [90m 52 |[39m     [90m// Tier 2: Sentiment-aware Local Logic[39m
     [90m 53 |[39m     [36mconst[39m localReply [33m=[39m getLocalFallback(query[33m,[39m 
sentiment[33m.[39mlabel)[33m;[39m[0m

      at getGeminiResponse (src/services/vertex.ts:50:13)
      at Object.<anonymous> (src/services/__tests__/vertex.test.ts:29:20)

    console.log
      Tier 2 Success: Local heuristics used.

      at getGeminiResponse (src/services/vertex.ts:55:15)

    console.log
      --- AI Pipeline Start ---

      at getGeminiResponse (src/services/vertex.ts:17:11)

    console.log
      User Sentiment: Neutral (0)

      at getGeminiResponse (src/services/vertex.ts:21:11)

    console.log
      Tier 1: Calling Gemini Pro...

      at getGeminiResponse (src/services/vertex.ts:25:13)

    console.warn
      Tier 1 Failed. Falling back to Tier 2...

    [0m [90m 48 |[39m
     [90m 49 |[39m   } [36mcatch[39m (error) {
    [31m[1m>[22m[39m[90m 50 |[39m     console[33m.[39mwarn([32m'Tier 1 Failed. Falling back to Tier 
2...'[39m)[33m;[39m
     [90m    |[39m             [31m[1m^[22m[39m
     [90m 51 |[39m     
     [90m 52 |[39m     [90m// Tier 2: Sentiment-aware Local Logic[39m
     [90m 53 |[39m     [36mconst[39m localReply [33m=[39m getLocalFallback(query[33m,[39m 
sentiment[33m.[39mlabel)[33m;[39m[0m

      at getGeminiResponse (src/services/vertex.ts:50:13)
      at Object.<anonymous> (src/services/__tests__/vertex.test.ts:38:20)

    console.log
      Tier 2 Failed. Using Tier 3 Static Fallback.

      at getGeminiResponse (src/services/vertex.ts:60:13)

PASS src/routes/__tests__/api.test.ts (16.683 s)
  ΓùÅ Console

    console.log
      Request Origin: undefined

      at origin (src/index.ts:40:13)

    console.log
      Request Origin: undefined

      at origin (src/index.ts:40:13)

    console.log
      Request Origin: undefined

      at origin (src/index.ts:40:13)

    console.log
      Request Origin: undefined

      at origin (src/index.ts:40:13)

    console.log
      Request Origin: undefined

      at origin (src/index.ts:40:13)

::ffff:127.0.0.1 - - [30/Apr/2026:13:58:20 +0000] "GET /health HTTP/1.1" 200 54 "-" "-"
::ffff:127.0.0.1 - - [30/Apr/2026:13:58:20 +0000] "POST /api/ask HTTP/1.1" 400 29 "-" "-"
::ffff:127.0.0.1 - - [30/Apr/2026:13:58:20 +0000] "POST /api/ask HTTP/1.1" 200 77 "-" "-"
::ffff:127.0.0.1 - - [30/Apr/2026:13:58:20 +0000] "POST /api/upload HTTP/1.1" 400 28 "-" "-"
::ffff:127.0.0.1 - - [30/Apr/2026:13:58:20 +0000] "POST /api/upload HTTP/1.1" 200 61 "-" "-"
A worker process has failed to exit gracefully and has been force exited. This is likely caused by tests leaking due 
to improper teardown. Try running with --detectOpenHandles to find leaks. Active timers can also cause this, ensure 
that .unref() was called on them.

Test Suites: 1 failed, 5 passed, 6 total
Tests:       2 failed, 15 passed, 17 total
Snapshots:   0 total
Time:        19.434 s
Ran all test suites.
